2025-12-05T15:31:27.684-05:00  INFO 45508 --- [user-management-service] [main] c.s.u.UserManagementServiceApplication   : Starting UserManagementServiceApplication using Java 21.0.9 with PID 45508 (/home/samup/Documentos/sentinel/user-management-service/target/classes started by samup in /home/samup/Documentos/sentinel/user-management-service)
2025-12-05T15:31:27.686-05:00  INFO 45508 --- [user-management-service] [main] c.s.u.UserManagementServiceApplication   : No active profile set, falling back to 1 default profile: "default"
2025-12-05T15:31:29.823-05:00  INFO 45508 --- [user-management-service] [main] .s.d.r.c.RepositoryConfigurationDelegate : Bootstrapping Spring Data JPA repositories in DEFAULT mode.
2025-12-05T15:31:29.869-05:00  INFO 45508 --- [user-management-service] [main] .s.d.r.c.RepositoryConfigurationDelegate : Finished Spring Data repository scanning in 38 ms. Found 3 JPA repository interfaces.
2025-12-05T15:31:30.125-05:00  INFO 45508 --- [user-management-service] [main] o.s.cloud.context.scope.GenericScope     : BeanFactory id=d72e2329-edcf-361b-809d-f80124e3c819
2025-12-05T15:31:30.692-05:00  INFO 45508 --- [user-management-service] [main] o.s.b.w.embedded.tomcat.TomcatWebServer  : Tomcat initialized with port 8083 (http)
2025-12-05T15:31:30.701-05:00  INFO 45508 --- [user-management-service] [main] o.apache.catalina.core.StandardService   : Starting service [Tomcat]
2025-12-05T15:31:30.702-05:00  INFO 45508 --- [user-management-service] [main] o.apache.catalina.core.StandardEngine    : Starting Servlet engine: [Apache Tomcat/10.1.36]
2025-12-05T15:31:30.752-05:00  INFO 45508 --- [user-management-service] [main] o.a.c.c.C.[Tomcat].[localhost].[/]       : Initializing Spring embedded WebApplicationContext
2025-12-05T15:31:30.753-05:00  INFO 45508 --- [user-management-service] [main] w.s.c.ServletWebServerApplicationContext : Root WebApplicationContext: initialization completed in 1773 ms
2025-12-05T15:31:31.018-05:00  INFO 45508 --- [user-management-service] [main] com.zaxxer.hikari.HikariDataSource       : HikariPool-1 - Starting...
2025-12-05T15:31:31.195-05:00  INFO 45508 --- [user-management-service] [main] com.zaxxer.hikari.pool.HikariPool        : HikariPool-1 - Added connection org.postgresql.jdbc.PgConnection@42ebece0
2025-12-05T15:31:31.195-05:00  INFO 45508 --- [user-management-service] [main] com.zaxxer.hikari.HikariDataSource       : HikariPool-1 - Start completed.
2025-12-05T15:31:31.315-05:00  INFO 45508 --- [user-management-service] [main] o.hibernate.jpa.internal.util.LogHelper  : HHH000204: Processing PersistenceUnitInfo [name: default]
2025-12-05T15:31:31.372-05:00  INFO 45508 --- [user-management-service] [main] org.hibernate.Version                    : HHH000412: Hibernate ORM core version 6.6.8.Final
2025-12-05T15:31:31.405-05:00  INFO 45508 --- [user-management-service] [main] o.h.c.internal.RegionFactoryInitiator    : HHH000026: Second-level cache disabled
2025-12-05T15:31:31.570-05:00  INFO 45508 --- [user-management-service] [main] o.s.o.j.p.SpringPersistenceUnitInfo      : No LoadTimeWeaver setup: ignoring JPA class transformer
2025-12-05T15:31:31.615-05:00  WARN 45508 --- [user-management-service] [main] org.hibernate.orm.deprecation            : HHH90000025: PostgreSQLDialect does not need to be specified explicitly using 'hibernate.dialect' (remove the property setting and it will be selected by default)
2025-12-05T15:31:31.626-05:00  INFO 45508 --- [user-management-service] [main] org.hibernate.orm.connections.pooling    : HHH10001005: Database info:
	Database JDBC URL [Connecting through datasource 'HikariDataSource (HikariPool-1)']
	Database driver: undefined/unknown
	Database version: 16.10
	Autocommit mode: undefined/unknown
	Isolation level: undefined/unknown
	Minimum pool size: undefined/unknown
	Maximum pool size: undefined/unknown
2025-12-05T15:31:32.207-05:00  INFO 45508 --- [user-management-service] [main] o.h.e.t.j.p.i.JtaPlatformInitiator       : HHH000489: No JTA platform available (set 'hibernate.transaction.jta.platform' to enable JTA platform integration)
2025-12-05T15:31:32.234-05:00 DEBUG 45508 --- [user-management-service] [main] org.hibernate.SQL                        : 
    create table invitation_projects (
        invitation_id uuid not null,
        project_id uuid
    )
2025-12-05T15:31:32.247-05:00 DEBUG 45508 --- [user-management-service] [main] org.hibernate.SQL                        : 
    create table invitations (
        id uuid not null,
        accepted_at timestamp(6),
        created_at timestamp(6),
        email varchar(255) not null,
        expires_at timestamp(6) not null,
        invited_by uuid not null,
        inviter_email varchar(255),
        resource_id uuid not null,
        resource_name varchar(255),
        role varchar(20) not null,
        status varchar(20) not null check (status in ('PENDING','ACCEPTED','EXPIRED','REVOKED')),
        token varchar(64) not null,
        type varchar(20) not null check (type in ('TENANT','PROJECT')),
        primary key (id)
    )
2025-12-05T15:31:32.254-05:00 DEBUG 45508 --- [user-management-service] [main] org.hibernate.SQL                        : 
    create table project_members (
        id uuid not null,
        added_by uuid,
        created_at timestamp(6),
        joined_at timestamp(6) not null,
        project_id uuid not null,
        role varchar(20) not null check (role in ('PROJECT_ADMIN','PROJECT_MEMBER','PROJECT_VIEWER')),
        tenant_id uuid not null,
        updated_at timestamp(6),
        user_id uuid not null,
        primary key (id)
    )
2025-12-05T15:31:32.259-05:00 DEBUG 45508 --- [user-management-service] [main] org.hibernate.SQL                        : 
    create table tenant_members (
        id uuid not null,
        created_at timestamp(6),
        invited_by uuid,
        joined_at timestamp(6) not null,
        role varchar(20) not null check (role in ('TENANT_ADMIN','TENANT_USER')),
        tenant_id uuid not null,
        updated_at timestamp(6),
        user_id uuid not null,
        primary key (id)
    )
2025-12-05T15:31:32.264-05:00 DEBUG 45508 --- [user-management-service] [main] org.hibernate.SQL                        : 
    create index idx_invitations_email 
       on invitations (email)
2025-12-05T15:31:32.267-05:00 DEBUG 45508 --- [user-management-service] [main] org.hibernate.SQL                        : 
    create index idx_invitations_token 
       on invitations (token)
2025-12-05T15:31:32.269-05:00 DEBUG 45508 --- [user-management-service] [main] org.hibernate.SQL                        : 
    create index idx_invitations_status 
       on invitations (status)
2025-12-05T15:31:32.272-05:00 DEBUG 45508 --- [user-management-service] [main] org.hibernate.SQL                        : 
    create index idx_invitations_resource_id 
       on invitations (resource_id)
2025-12-05T15:31:32.275-05:00 DEBUG 45508 --- [user-management-service] [main] org.hibernate.SQL                        : 
    create index idx_invitations_type 
       on invitations (type)
2025-12-05T15:31:32.530-05:00 DEBUG 45508 --- [user-management-service] [main] org.hibernate.SQL                        : 
    create index idx_invitations_expires_at 
       on invitations (expires_at)
2025-12-05T15:31:32.533-05:00 DEBUG 45508 --- [user-management-service] [main] org.hibernate.SQL                        : 
    alter table if exists invitations 
       drop constraint if exists UKt4i6esv44p6yi7cxq277vlo3i
2025-12-05T15:31:32.536-05:00  WARN 45508 --- [user-management-service] [main] o.h.engine.jdbc.spi.SqlExceptionHelper   : SQL Warning Code: 0, SQLState: 00000
2025-12-05T15:31:32.536-05:00  WARN 45508 --- [user-management-service] [main] o.h.engine.jdbc.spi.SqlExceptionHelper   : constraint "ukt4i6esv44p6yi7cxq277vlo3i" of relation "invitations" does not exist, skipping
2025-12-05T15:31:32.536-05:00 DEBUG 45508 --- [user-management-service] [main] org.hibernate.SQL                        : 
    alter table if exists invitations 
       add constraint UKt4i6esv44p6yi7cxq277vlo3i unique (token)
2025-12-05T15:31:32.539-05:00 DEBUG 45508 --- [user-management-service] [main] org.hibernate.SQL                        : 
    create index idx_project_members_project_id 
       on project_members (project_id)
2025-12-05T15:31:32.541-05:00 DEBUG 45508 --- [user-management-service] [main] org.hibernate.SQL                        : 
    create index idx_project_members_user_id 
       on project_members (user_id)
2025-12-05T15:31:32.544-05:00 DEBUG 45508 --- [user-management-service] [main] org.hibernate.SQL                        : 
    create index idx_project_members_tenant_id 
       on project_members (tenant_id)
2025-12-05T15:31:32.546-05:00 DEBUG 45508 --- [user-management-service] [main] org.hibernate.SQL                        : 
    create index idx_project_members_role 
       on project_members (role)
2025-12-05T15:31:32.549-05:00 DEBUG 45508 --- [user-management-service] [main] org.hibernate.SQL                        : 
    alter table if exists project_members 
       drop constraint if exists UKaydweb1re2g5786xaugww4u0
2025-12-05T15:31:32.550-05:00  WARN 45508 --- [user-management-service] [main] o.h.engine.jdbc.spi.SqlExceptionHelper   : SQL Warning Code: 0, SQLState: 00000
2025-12-05T15:31:32.550-05:00  WARN 45508 --- [user-management-service] [main] o.h.engine.jdbc.spi.SqlExceptionHelper   : constraint "ukaydweb1re2g5786xaugww4u0" of relation "project_members" does not exist, skipping
2025-12-05T15:31:32.550-05:00 DEBUG 45508 --- [user-management-service] [main] org.hibernate.SQL                        : 
    alter table if exists project_members 
       add constraint UKaydweb1re2g5786xaugww4u0 unique (project_id, user_id)
2025-12-05T15:31:32.557-05:00 DEBUG 45508 --- [user-management-service] [main] org.hibernate.SQL                        : 
    create index idx_tenant_members_tenant_id 
       on tenant_members (tenant_id)
2025-12-05T15:31:32.559-05:00 DEBUG 45508 --- [user-management-service] [main] org.hibernate.SQL                        : 
    create index idx_tenant_members_user_id 
       on tenant_members (user_id)
2025-12-05T15:31:32.564-05:00 DEBUG 45508 --- [user-management-service] [main] org.hibernate.SQL                        : 
    create index idx_tenant_members_role 
       on tenant_members (role)
2025-12-05T15:31:32.568-05:00 DEBUG 45508 --- [user-management-service] [main] org.hibernate.SQL                        : 
    alter table if exists tenant_members 
       drop constraint if exists UK27wct6pokq0ddegorg4jpbiik
2025-12-05T15:31:32.571-05:00  WARN 45508 --- [user-management-service] [main] o.h.engine.jdbc.spi.SqlExceptionHelper   : SQL Warning Code: 0, SQLState: 00000
2025-12-05T15:31:32.571-05:00  WARN 45508 --- [user-management-service] [main] o.h.engine.jdbc.spi.SqlExceptionHelper   : constraint "uk27wct6pokq0ddegorg4jpbiik" of relation "tenant_members" does not exist, skipping
2025-12-05T15:31:32.571-05:00 DEBUG 45508 --- [user-management-service] [main] org.hibernate.SQL                        : 
    alter table if exists tenant_members 
       add constraint UK27wct6pokq0ddegorg4jpbiik unique (tenant_id, user_id)
2025-12-05T15:31:32.574-05:00 DEBUG 45508 --- [user-management-service] [main] org.hibernate.SQL                        : 
    alter table if exists invitation_projects 
       add constraint FK147340105n6mg6ws3fhf6m676 
       foreign key (invitation_id) 
       references invitations
2025-12-05T15:31:32.578-05:00  INFO 45508 --- [user-management-service] [main] j.LocalContainerEntityManagerFactoryBean : Initialized JPA EntityManagerFactory for persistence unit 'default'
2025-12-05T15:31:32.864-05:00  INFO 45508 --- [user-management-service] [main] o.s.d.j.r.query.QueryEnhancerFactory     : Hibernate is in classpath; If applicable, HQL parser will be used.
2025-12-05T15:31:33.614-05:00  WARN 45508 --- [user-management-service] [main] JpaBaseConfiguration$JpaWebConfiguration : spring.jpa.open-in-view is enabled by default. Therefore, database queries may be performed during view rendering. Explicitly configure spring.jpa.open-in-view to disable this warning
2025-12-05T15:31:33.969-05:00  WARN 45508 --- [user-management-service] [main] .s.s.UserDetailsServiceAutoConfiguration : 

Using generated security password: b679edf3-48bf-4c1e-9d7c-b5afb127b037

This generated password is for development use only. Your security configuration must be updated before running your application in production.

2025-12-05T15:31:33.980-05:00  INFO 45508 --- [user-management-service] [main] r$InitializeUserDetailsManagerConfigurer : Global AuthenticationManager configured with UserDetailsService bean with name inMemoryUserDetailsManager
2025-12-05T15:31:34.670-05:00  INFO 45508 --- [user-management-service] [main] o.s.b.a.e.web.EndpointLinksResolver      : Exposing 3 endpoints beneath base path '/actuator'
2025-12-05T15:31:35.354-05:00 DEBUG 45508 --- [user-management-service] [main] .a.r.l.a.MessagingMessageListenerAdapter : Inferred argument type for public void com.sentinel.user_management_service.events.listeners.ProjectCreatedListener.handleProjectCreated(java.util.Map) is java.util.Map<java.lang.String, java.lang.Object>
2025-12-05T15:31:35.360-05:00 DEBUG 45508 --- [user-management-service] [main] o.s.a.r.l.SimpleMessageListenerContainer : No global properties bean
2025-12-05T15:31:35.360-05:00 DEBUG 45508 --- [user-management-service] [main] .a.r.l.a.MessagingMessageListenerAdapter : Inferred argument type for public void com.sentinel.user_management_service.events.listeners.TenantCreatedListener.handleTenantCreated(java.util.Map) is java.util.Map<java.lang.String, java.lang.Object>
2025-12-05T15:31:35.361-05:00 DEBUG 45508 --- [user-management-service] [main] o.s.a.r.l.SimpleMessageListenerContainer : No global properties bean
2025-12-05T15:31:35.403-05:00  INFO 45508 --- [user-management-service] [main] o.s.b.w.embedded.tomcat.TomcatWebServer  : Tomcat started on port 8083 (http) with context path '/'
2025-12-05T15:31:35.457-05:00 DEBUG 45508 --- [user-management-service] [main] o.s.a.r.l.SimpleMessageListenerContainer : Starting Rabbit listener container.
2025-12-05T15:31:35.459-05:00  INFO 45508 --- [user-management-service] [main] o.s.a.r.c.CachingConnectionFactory       : Attempting to connect to: [localhost:5672]
2025-12-05T15:31:35.484-05:00  INFO 45508 --- [user-management-service] [main] o.s.a.r.c.CachingConnectionFactory       : Created new connection: rabbitConnectionFactory#373743f:0/SimpleConnection@f57058f [delegate=amqp://guest@127.0.0.1:5672/, localPort=58542]
2025-12-05T15:31:35.486-05:00 DEBUG 45508 --- [user-management-service] [main] o.s.amqp.rabbit.core.RabbitAdmin         : Initializing declarations
2025-12-05T15:31:35.493-05:00 DEBUG 45508 --- [user-management-service] [main] o.s.a.r.c.CachingConnectionFactory       : Creating cached Rabbit Channel from AMQChannel(amqp://guest@127.0.0.1:5672/,1)
2025-12-05T15:31:35.498-05:00 DEBUG 45508 --- [user-management-service] [main] o.s.amqp.rabbit.core.RabbitTemplate      : Executing callback RabbitAdmin$$Lambda/0x000074b55cd8c8e0 on RabbitMQ Channel: Cached Rabbit Channel: AMQChannel(amqp://guest@127.0.0.1:5672/,1), conn: Proxy@6d61c425 Shared Rabbit Connection: SimpleConnection@f57058f [delegate=amqp://guest@127.0.0.1:5672/, localPort=58542]
2025-12-05T15:31:35.498-05:00 DEBUG 45508 --- [user-management-service] [main] o.s.amqp.rabbit.core.RabbitAdmin         : declaring Exchange 'user-mgmt-exchange'
2025-12-05T15:31:35.500-05:00 DEBUG 45508 --- [user-management-service] [main] o.s.amqp.rabbit.core.RabbitAdmin         : declaring Exchange 'tenant-exchange'
2025-12-05T15:31:35.500-05:00 DEBUG 45508 --- [user-management-service] [main] o.s.amqp.rabbit.core.RabbitAdmin         : declaring Exchange 'project-exchange'
2025-12-05T15:31:35.500-05:00 DEBUG 45508 --- [user-management-service] [main] o.s.amqp.rabbit.core.RabbitAdmin         : declaring Queue 'user_mgmt.user.invited.queue'
2025-12-05T15:31:35.502-05:00 DEBUG 45508 --- [user-management-service] [main] o.s.amqp.rabbit.core.RabbitAdmin         : declaring Queue 'user_mgmt.invitation.accepted.queue'
2025-12-05T15:31:35.502-05:00 DEBUG 45508 --- [user-management-service] [main] o.s.amqp.rabbit.core.RabbitAdmin         : declaring Queue 'user_mgmt.access.revoked.queue'
2025-12-05T15:31:35.502-05:00 DEBUG 45508 --- [user-management-service] [main] o.s.amqp.rabbit.core.RabbitAdmin         : declaring Queue 'user_mgmt.tenant.created.queue'
2025-12-05T15:31:35.503-05:00 DEBUG 45508 --- [user-management-service] [main] o.s.amqp.rabbit.core.RabbitAdmin         : declaring Queue 'user_mgmt.project.created.queue'
2025-12-05T15:31:35.503-05:00 DEBUG 45508 --- [user-management-service] [main] o.s.amqp.rabbit.core.RabbitAdmin         : Binding destination [user_mgmt.user.invited.queue (QUEUE)] to exchange [user-mgmt-exchange] with routing key [user.invited]
2025-12-05T15:31:35.505-05:00 DEBUG 45508 --- [user-management-service] [main] o.s.amqp.rabbit.core.RabbitAdmin         : Binding destination [user_mgmt.invitation.accepted.queue (QUEUE)] to exchange [user-mgmt-exchange] with routing key [user.invitation.accepted]
2025-12-05T15:31:35.506-05:00 DEBUG 45508 --- [user-management-service] [main] o.s.amqp.rabbit.core.RabbitAdmin         : Binding destination [user_mgmt.access.revoked.queue (QUEUE)] to exchange [user-mgmt-exchange] with routing key [user.access.revoked]
2025-12-05T15:31:35.508-05:00 DEBUG 45508 --- [user-management-service] [main] o.s.amqp.rabbit.core.RabbitAdmin         : Binding destination [user_mgmt.tenant.created.queue (QUEUE)] to exchange [tenant-exchange] with routing key [tenant.created]
2025-12-05T15:31:35.510-05:00 DEBUG 45508 --- [user-management-service] [main] o.s.amqp.rabbit.core.RabbitAdmin         : Binding destination [user_mgmt.project.created.queue (QUEUE)] to exchange [project-exchange] with routing key [project.created]
2025-12-05T15:31:35.511-05:00 DEBUG 45508 --- [user-management-service] [main] o.s.amqp.rabbit.core.RabbitAdmin         : Declarations finished
2025-12-05T15:31:35.518-05:00 DEBUG 45508 --- [user-management-service] [org.springframework.amqp.rabbit.RabbitListenerEndpointContainer#0-1] o.s.amqp.rabbit.core.RabbitTemplate      : Executing callback RabbitAdmin$$Lambda/0x000074b55cd931a8 on RabbitMQ Channel: Cached Rabbit Channel: AMQChannel(amqp://guest@127.0.0.1:5672/,1), conn: Proxy@6d61c425 Shared Rabbit Connection: SimpleConnection@f57058f [delegate=amqp://guest@127.0.0.1:5672/, localPort=58542]
2025-12-05T15:31:35.520-05:00 DEBUG 45508 --- [user-management-service] [org.springframework.amqp.rabbit.RabbitListenerEndpointContainer#0-1] o.s.a.r.listener.BlockingQueueConsumer   : Starting consumer Consumer@55c5690d: tags=[[]], channel=null, acknowledgeMode=AUTO local queue size=0
2025-12-05T15:31:35.527-05:00 DEBUG 45508 --- [user-management-service] [org.springframework.amqp.rabbit.RabbitListenerEndpointContainer#0-1] o.s.a.r.listener.BlockingQueueConsumer   : Started on queue 'user_mgmt.project.created.queue' with tag amq.ctag-tFEfPFBU7LHh0H2EGh9g9w: Consumer@55c5690d: tags=[[]], channel=Cached Rabbit Channel: AMQChannel(amqp://guest@127.0.0.1:5672/,1), conn: Proxy@6d61c425 Shared Rabbit Connection: SimpleConnection@f57058f [delegate=amqp://guest@127.0.0.1:5672/, localPort=58542], acknowledgeMode=AUTO local queue size=0
2025-12-05T15:31:35.527-05:00 DEBUG 45508 --- [user-management-service] [pool-2-thread-3] o.s.a.r.listener.BlockingQueueConsumer   : ConsumeOK: Consumer@55c5690d: tags=[[amq.ctag-tFEfPFBU7LHh0H2EGh9g9w]], channel=Cached Rabbit Channel: AMQChannel(amqp://guest@127.0.0.1:5672/,1), conn: Proxy@6d61c425 Shared Rabbit Connection: SimpleConnection@f57058f [delegate=amqp://guest@127.0.0.1:5672/, localPort=58542], acknowledgeMode=AUTO local queue size=0
2025-12-05T15:31:35.527-05:00 DEBUG 45508 --- [user-management-service] [main] o.s.a.r.l.SimpleMessageListenerContainer : Starting Rabbit listener container.
2025-12-05T15:31:35.529-05:00 DEBUG 45508 --- [user-management-service] [org.springframework.amqp.rabbit.RabbitListenerEndpointContainer#1-1] o.s.a.r.c.CachingConnectionFactory       : Creating cached Rabbit Channel from AMQChannel(amqp://guest@127.0.0.1:5672/,2)
2025-12-05T15:31:35.529-05:00 DEBUG 45508 --- [user-management-service] [org.springframework.amqp.rabbit.RabbitListenerEndpointContainer#1-1] o.s.amqp.rabbit.core.RabbitTemplate      : Executing callback RabbitAdmin$$Lambda/0x000074b55cd931a8 on RabbitMQ Channel: Cached Rabbit Channel: AMQChannel(amqp://guest@127.0.0.1:5672/,2), conn: Proxy@6d61c425 Shared Rabbit Connection: SimpleConnection@f57058f [delegate=amqp://guest@127.0.0.1:5672/, localPort=58542]
2025-12-05T15:31:35.530-05:00 DEBUG 45508 --- [user-management-service] [org.springframework.amqp.rabbit.RabbitListenerEndpointContainer#1-1] o.s.a.r.listener.BlockingQueueConsumer   : Starting consumer Consumer@4f714688: tags=[[]], channel=null, acknowledgeMode=AUTO local queue size=0
2025-12-05T15:31:35.531-05:00 DEBUG 45508 --- [user-management-service] [org.springframework.amqp.rabbit.RabbitListenerEndpointContainer#1-1] o.s.a.r.listener.BlockingQueueConsumer   : Started on queue 'user_mgmt.tenant.created.queue' with tag amq.ctag-j9lg_kuQNTkR0nBRxUyD-w: Consumer@4f714688: tags=[[]], channel=Cached Rabbit Channel: AMQChannel(amqp://guest@127.0.0.1:5672/,2), conn: Proxy@6d61c425 Shared Rabbit Connection: SimpleConnection@f57058f [delegate=amqp://guest@127.0.0.1:5672/, localPort=58542], acknowledgeMode=AUTO local queue size=0
2025-12-05T15:31:35.531-05:00 DEBUG 45508 --- [user-management-service] [pool-2-thread-4] o.s.a.r.listener.BlockingQueueConsumer   : ConsumeOK: Consumer@4f714688: tags=[[amq.ctag-j9lg_kuQNTkR0nBRxUyD-w]], channel=Cached Rabbit Channel: AMQChannel(amqp://guest@127.0.0.1:5672/,2), conn: Proxy@6d61c425 Shared Rabbit Connection: SimpleConnection@f57058f [delegate=amqp://guest@127.0.0.1:5672/, localPort=58542], acknowledgeMode=AUTO local queue size=0
2025-12-05T15:31:35.552-05:00  INFO 45508 --- [user-management-service] [main] c.s.u.UserManagementServiceApplication   : Started UserManagementServiceApplication in 8.26 seconds (process running for 8.744)
2025-12-05T15:31:36.680-05:00  INFO 45508 --- [user-management-service] [RMI TCP Connection(2)-127.0.0.1] o.a.c.c.C.[Tomcat].[localhost].[/]       : Initializing Spring DispatcherServlet 'dispatcherServlet'
2025-12-05T15:31:36.680-05:00  INFO 45508 --- [user-management-service] [RMI TCP Connection(2)-127.0.0.1] o.s.web.servlet.DispatcherServlet        : Initializing Servlet 'dispatcherServlet'
2025-12-05T15:31:36.682-05:00  INFO 45508 --- [user-management-service] [RMI TCP Connection(2)-127.0.0.1] o.s.web.servlet.DispatcherServlet        : Completed initialization in 1 ms
2025-12-05T15:32:21.108-05:00 DEBUG 45508 --- [user-management-service] [http-nio-8083-exec-3] org.hibernate.SQL                        : 
    select
        pme1_0.id,
        pme1_0.added_by,
        pme1_0.created_at,
        pme1_0.joined_at,
        pme1_0.project_id,
        pme1_0.role,
        pme1_0.tenant_id,
        pme1_0.updated_at,
        pme1_0.user_id 
    from
        project_members pme1_0 
    where
        pme1_0.user_id=?
2025-12-05T15:32:21.164-05:00 DEBUG 45508 --- [user-management-service] [http-nio-8083-exec-4] org.hibernate.SQL                        : 
    select
        pme1_0.id,
        pme1_0.added_by,
        pme1_0.created_at,
        pme1_0.joined_at,
        pme1_0.project_id,
        pme1_0.role,
        pme1_0.tenant_id,
        pme1_0.updated_at,
        pme1_0.user_id 
    from
        project_members pme1_0 
    where
        pme1_0.user_id=?
2025-12-05T15:32:21.189-05:00 DEBUG 45508 --- [user-management-service] [http-nio-8083-exec-5] org.hibernate.SQL                        : 
    select
        tme1_0.id,
        tme1_0.created_at,
        tme1_0.invited_by,
        tme1_0.joined_at,
        tme1_0.role,
        tme1_0.tenant_id,
        tme1_0.updated_at,
        tme1_0.user_id 
    from
        tenant_members tme1_0 
    where
        tme1_0.user_id=?
2025-12-05T15:32:21.251-05:00 DEBUG 45508 --- [user-management-service] [http-nio-8083-exec-6] org.hibernate.SQL                        : 
    select
        tme1_0.id,
        tme1_0.created_at,
        tme1_0.invited_by,
        tme1_0.joined_at,
        tme1_0.role,
        tme1_0.tenant_id,
        tme1_0.updated_at,
        tme1_0.user_id 
    from
        tenant_members tme1_0 
    where
        tme1_0.user_id=?
2025-12-05T15:32:24.151-05:00 DEBUG 45508 --- [user-management-service] [http-nio-8083-exec-7] org.hibernate.SQL                        : 
    select
        tme1_0.id,
        tme1_0.created_at,
        tme1_0.invited_by,
        tme1_0.joined_at,
        tme1_0.role,
        tme1_0.tenant_id,
        tme1_0.updated_at,
        tme1_0.user_id 
    from
        tenant_members tme1_0 
    where
        tme1_0.user_id=?
2025-12-05T15:32:38.414-05:00 DEBUG 45508 --- [user-management-service] [http-nio-8083-exec-10] org.hibernate.SQL                        : 
    select
        pme1_0.id,
        pme1_0.added_by,
        pme1_0.created_at,
        pme1_0.joined_at,
        pme1_0.project_id,
        pme1_0.role,
        pme1_0.tenant_id,
        pme1_0.updated_at,
        pme1_0.user_id 
    from
        project_members pme1_0 
    where
        pme1_0.user_id=?
2025-12-05T15:32:38.417-05:00 DEBUG 45508 --- [user-management-service] [http-nio-8083-exec-1] org.hibernate.SQL                        : 
    select
        tme1_0.id,
        tme1_0.created_at,
        tme1_0.invited_by,
        tme1_0.joined_at,
        tme1_0.role,
        tme1_0.tenant_id,
        tme1_0.updated_at,
        tme1_0.user_id 
    from
        tenant_members tme1_0 
    where
        tme1_0.user_id=?
2025-12-05T15:32:38.428-05:00 DEBUG 45508 --- [user-management-service] [http-nio-8083-exec-2] org.hibernate.SQL                        : 
    select
        pme1_0.id,
        pme1_0.added_by,
        pme1_0.created_at,
        pme1_0.joined_at,
        pme1_0.project_id,
        pme1_0.role,
        pme1_0.tenant_id,
        pme1_0.updated_at,
        pme1_0.user_id 
    from
        project_members pme1_0 
    where
        pme1_0.user_id=?
2025-12-05T15:32:38.447-05:00 DEBUG 45508 --- [user-management-service] [http-nio-8083-exec-3] org.hibernate.SQL                        : 
    select
        tme1_0.id,
        tme1_0.created_at,
        tme1_0.invited_by,
        tme1_0.joined_at,
        tme1_0.role,
        tme1_0.tenant_id,
        tme1_0.updated_at,
        tme1_0.user_id 
    from
        tenant_members tme1_0 
    where
        tme1_0.user_id=?
2025-12-05T15:32:49.208-05:00 DEBUG 45508 --- [user-management-service] [http-nio-8083-exec-4] org.hibernate.SQL                        : 
    select
        tme1_0.id,
        tme1_0.created_at,
        tme1_0.invited_by,
        tme1_0.joined_at,
        tme1_0.role,
        tme1_0.tenant_id,
        tme1_0.updated_at,
        tme1_0.user_id 
    from
        tenant_members tme1_0 
    where
        tme1_0.user_id=?
2025-12-05T15:33:03.330-05:00 DEBUG 45508 --- [user-management-service] [http-nio-8083-exec-5] org.hibernate.SQL                        : 
    select
        tme1_0.id,
        tme1_0.created_at,
        tme1_0.invited_by,
        tme1_0.joined_at,
        tme1_0.role,
        tme1_0.tenant_id,
        tme1_0.updated_at,
        tme1_0.user_id 
    from
        tenant_members tme1_0 
    where
        tme1_0.user_id=?
2025-12-05T15:33:03.916-05:00 DEBUG 45508 --- [user-management-service] [http-nio-8083-exec-6] org.hibernate.SQL                        : 
    select
        tme1_0.id,
        tme1_0.created_at,
        tme1_0.invited_by,
        tme1_0.joined_at,
        tme1_0.role,
        tme1_0.tenant_id,
        tme1_0.updated_at,
        tme1_0.user_id 
    from
        tenant_members tme1_0 
    where
        tme1_0.user_id=?
2025-12-05T15:33:04.459-05:00 DEBUG 45508 --- [user-management-service] [http-nio-8083-exec-7] org.hibernate.SQL                        : 
    select
        tme1_0.id,
        tme1_0.created_at,
        tme1_0.invited_by,
        tme1_0.joined_at,
        tme1_0.role,
        tme1_0.tenant_id,
        tme1_0.updated_at,
        tme1_0.user_id 
    from
        tenant_members tme1_0 
    where
        tme1_0.user_id=?
2025-12-05T15:33:36.128-05:00 DEBUG 45508 --- [user-management-service] [http-nio-8083-exec-10] org.hibernate.SQL                        : 
    select
        pme1_0.id,
        pme1_0.added_by,
        pme1_0.created_at,
        pme1_0.joined_at,
        pme1_0.project_id,
        pme1_0.role,
        pme1_0.tenant_id,
        pme1_0.updated_at,
        pme1_0.user_id 
    from
        project_members pme1_0 
    where
        pme1_0.user_id=?
2025-12-05T15:33:36.144-05:00 DEBUG 45508 --- [user-management-service] [http-nio-8083-exec-1] org.hibernate.SQL                        : 
    select
        pme1_0.id,
        pme1_0.added_by,
        pme1_0.created_at,
        pme1_0.joined_at,
        pme1_0.project_id,
        pme1_0.role,
        pme1_0.tenant_id,
        pme1_0.updated_at,
        pme1_0.user_id 
    from
        project_members pme1_0 
    where
        pme1_0.user_id=?
2025-12-05T15:33:36.147-05:00 DEBUG 45508 --- [user-management-service] [http-nio-8083-exec-2] org.hibernate.SQL                        : 
    select
        tme1_0.id,
        tme1_0.created_at,
        tme1_0.invited_by,
        tme1_0.joined_at,
        tme1_0.role,
        tme1_0.tenant_id,
        tme1_0.updated_at,
        tme1_0.user_id 
    from
        tenant_members tme1_0 
    where
        tme1_0.user_id=?
2025-12-05T15:33:36.162-05:00 DEBUG 45508 --- [user-management-service] [pool-2-thread-5] o.s.a.r.listener.BlockingQueueConsumer   : Storing delivery for consumerTag: 'amq.ctag-j9lg_kuQNTkR0nBRxUyD-w' with deliveryTag: '1' in Consumer@4f714688: tags=[[amq.ctag-j9lg_kuQNTkR0nBRxUyD-w]], channel=Cached Rabbit Channel: AMQChannel(amqp://guest@127.0.0.1:5672/,2), conn: Proxy@6d61c425 Shared Rabbit Connection: SimpleConnection@f57058f [delegate=amqp://guest@127.0.0.1:5672/, localPort=58542], acknowledgeMode=AUTO local queue size=0
2025-12-05T15:33:36.202-05:00 DEBUG 45508 --- [user-management-service] [org.springframework.amqp.rabbit.RabbitListenerEndpointContainer#1-1] o.s.a.r.listener.BlockingQueueConsumer   : Received message: (Body:'[B@53658b(byte[434])' MessageProperties [headers={__ContentTypeId__=java.lang.Object, __KeyTypeId__=java.lang.Object, __TypeId__=java.util.HashMap}, contentType=application/json, contentEncoding=UTF-8, contentLength=0, receivedDeliveryMode=PERSISTENT, priority=0, redelivered=false, receivedExchange=tenant-exchange, receivedRoutingKey=tenant.created, deliveryTag=1, consumerTag=amq.ctag-j9lg_kuQNTkR0nBRxUyD-w, consumerQueue=user_mgmt.tenant.created.queue])
2025-12-05T15:33:36.206-05:00 DEBUG 45508 --- [user-management-service] [http-nio-8083-exec-3] org.hibernate.SQL                        : 
    select
        tme1_0.id,
        tme1_0.created_at,
        tme1_0.invited_by,
        tme1_0.joined_at,
        tme1_0.role,
        tme1_0.tenant_id,
        tme1_0.updated_at,
        tme1_0.user_id 
    from
        tenant_members tme1_0 
    where
        tme1_0.user_id=?
2025-12-05T15:33:36.213-05:00 DEBUG 45508 --- [user-management-service] [org.springframework.amqp.rabbit.RabbitListenerEndpointContainer#1-1] .a.r.l.a.MessagingMessageListenerAdapter : Processing [GenericMessage [payload={eventId=0587bcb1-14f1-4f1a-b768-4894f0f339e3, metadata={correlationId=03d337c6-ef2a-4401-9fdf-d5b30214c986, source=tenant-service}, data={tenantId=7225d904-46e0-45c5-b4a0-e474da7239ab, name=test7's Workspace, type=PERSONAL, userId=6db856e9-2775-4088-b437-e141a7e5f987, plan=FREE, slug=test7s-workspace-6db856e9}, eventType=tenant.created, version=1.0, timestamp=2025-12-05T15:33:36.147265748}, headers={amqp_receivedDeliveryMode=PERSISTENT, amqp_receivedExchange=tenant-exchange, amqp_deliveryTag=1, amqp_consumerQueue=user_mgmt.tenant.created.queue, amqp_redelivered=false, __ContentTypeId__=java.lang.Object, amqp_receivedRoutingKey=tenant.created, amqp_contentEncoding=UTF-8, __KeyTypeId__=java.lang.Object, amqp_retryCount=0, id=ce7cde86-6cc2-800b-819b-67f28ae71c7b, amqp_consumerTag=amq.ctag-j9lg_kuQNTkR0nBRxUyD-w, amqp_lastInBatch=false, contentType=application/json, __TypeId__=java.util.HashMap, timestamp=1764966816212}]]
2025-12-05T15:33:36.215-05:00  INFO 45508 --- [user-management-service] [org.springframework.amqp.rabbit.RabbitListenerEndpointContainer#1-1] c.s.u.e.listeners.TenantCreatedListener  : 📥 Received event: tenant.created - {eventId=0587bcb1-14f1-4f1a-b768-4894f0f339e3, metadata={correlationId=03d337c6-ef2a-4401-9fdf-d5b30214c986, source=tenant-service}, data={tenantId=7225d904-46e0-45c5-b4a0-e474da7239ab, name=test7's Workspace, type=PERSONAL, userId=6db856e9-2775-4088-b437-e141a7e5f987, plan=FREE, slug=test7s-workspace-6db856e9}, eventType=tenant.created, version=1.0, timestamp=2025-12-05T15:33:36.147265748}
2025-12-05T15:33:36.216-05:00  INFO 45508 --- [user-management-service] [org.springframework.amqp.rabbit.RabbitListenerEndpointContainer#1-1] c.s.u.e.listeners.TenantCreatedListener  : 🔄 Adding owner 6db856e9-2775-4088-b437-e141a7e5f987 as TENANT_ADMIN to tenant 7225d904-46e0-45c5-b4a0-e474da7239ab (test7's Workspace)
2025-12-05T15:33:36.218-05:00  INFO 45508 --- [user-management-service] [org.springframework.amqp.rabbit.RabbitListenerEndpointContainer#1-1] c.s.u.s.impl.TenantMemberServiceImpl     : Adding member 6db856e9-2775-4088-b437-e141a7e5f987 to tenant 7225d904-46e0-45c5-b4a0-e474da7239ab with role TENANT_ADMIN
2025-12-05T15:33:36.228-05:00 DEBUG 45508 --- [user-management-service] [org.springframework.amqp.rabbit.RabbitListenerEndpointContainer#1-1] org.hibernate.SQL                        : 
    select
        tme1_0.id 
    from
        tenant_members tme1_0 
    where
        tme1_0.tenant_id=? 
        and tme1_0.user_id=? 
    fetch
        first ? rows only
2025-12-05T15:33:36.396-05:00  INFO 45508 --- [user-management-service] [org.springframework.amqp.rabbit.RabbitListenerEndpointContainer#1-1] c.s.u.s.impl.TenantMemberServiceImpl     : Member added successfully: 3af75729-6d8e-4a46-9b9e-f537807e1a85
2025-12-05T15:33:36.397-05:00  INFO 45508 --- [user-management-service] [org.springframework.amqp.rabbit.RabbitListenerEndpointContainer#1-1] c.s.u.e.listeners.TenantCreatedListener  : ✅ Owner successfully added as TENANT_ADMIN to tenant: 7225d904-46e0-45c5-b4a0-e474da7239ab
2025-12-05T15:33:36.408-05:00 DEBUG 45508 --- [user-management-service] [org.springframework.amqp.rabbit.RabbitListenerEndpointContainer#1-1] org.hibernate.SQL                        : 
    insert 
    into
        tenant_members
        (created_at, invited_by, joined_at, role, tenant_id, updated_at, user_id, id) 
    values
        (?, ?, ?, ?, ?, ?, ?, ?)
2025-12-05T15:33:38.116-05:00 DEBUG 45508 --- [user-management-service] [http-nio-8083-exec-4] org.hibernate.SQL                        : 
    select
        tme1_0.id,
        tme1_0.created_at,
        tme1_0.invited_by,
        tme1_0.joined_at,
        tme1_0.role,
        tme1_0.tenant_id,
        tme1_0.updated_at,
        tme1_0.user_id 
    from
        tenant_members tme1_0 
    where
        tme1_0.user_id=?
2025-12-05T15:33:52.948-05:00 DEBUG 45508 --- [user-management-service] [http-nio-8083-exec-7] org.hibernate.SQL                        : 
    select
        pme1_0.id,
        pme1_0.added_by,
        pme1_0.created_at,
        pme1_0.joined_at,
        pme1_0.project_id,
        pme1_0.role,
        pme1_0.tenant_id,
        pme1_0.updated_at,
        pme1_0.user_id 
    from
        project_members pme1_0 
    where
        pme1_0.user_id=?
2025-12-05T15:33:52.955-05:00 DEBUG 45508 --- [user-management-service] [http-nio-8083-exec-8] org.hibernate.SQL                        : 
    select
        tme1_0.id,
        tme1_0.created_at,
        tme1_0.invited_by,
        tme1_0.joined_at,
        tme1_0.role,
        tme1_0.tenant_id,
        tme1_0.updated_at,
        tme1_0.user_id 
    from
        tenant_members tme1_0 
    where
        tme1_0.user_id=?
2025-12-05T15:33:52.956-05:00 DEBUG 45508 --- [user-management-service] [http-nio-8083-exec-9] org.hibernate.SQL                        : 
    select
        pme1_0.id,
        pme1_0.added_by,
        pme1_0.created_at,
        pme1_0.joined_at,
        pme1_0.project_id,
        pme1_0.role,
        pme1_0.tenant_id,
        pme1_0.updated_at,
        pme1_0.user_id 
    from
        project_members pme1_0 
    where
        pme1_0.user_id=?
2025-12-05T15:33:52.986-05:00 DEBUG 45508 --- [user-management-service] [http-nio-8083-exec-10] org.hibernate.SQL                        : 
    select
        tme1_0.id,
        tme1_0.created_at,
        tme1_0.invited_by,
        tme1_0.joined_at,
        tme1_0.role,
        tme1_0.tenant_id,
        tme1_0.updated_at,
        tme1_0.user_id 
    from
        tenant_members tme1_0 
    where
        tme1_0.user_id=?
2025-12-05T15:35:02.093-05:00  INFO 45508 --- [user-management-service] [http-nio-8083-exec-5] c.s.u.controller.TenantMemberController  : Inviting user test7@correo.com to tenant 00b93923-4c4f-4a50-b38e-0c24087c10a1 with role TENANT_USER
2025-12-05T15:35:02.095-05:00  INFO 45508 --- [user-management-service] [http-nio-8083-exec-5] c.s.u.s.impl.InvitationServiceImpl       : 📤 Inviting user test7@correo.com to TENANT 00b93923-4c4f-4a50-b38e-0c24087c10a1 by user 3fa51fa4-e885-4a79-aa3e-7e4336dbebbd (test6@correo.com)
2025-12-05T15:35:02.096-05:00 DEBUG 45508 --- [user-management-service] [http-nio-8083-exec-5] org.hibernate.SQL                        : 
    select
        ie1_0.id 
    from
        invitations ie1_0 
    where
        ie1_0.email=? 
        and ie1_0.resource_id=? 
        and ie1_0.type=? 
        and ie1_0.status=? 
    fetch
        first ? rows only
2025-12-05T15:35:02.141-05:00  INFO 45508 --- [user-management-service] [http-nio-8083-exec-5] c.s.u.s.impl.InvitationServiceImpl       : ✅ Invitation created: 322fb97a-2e3f-45a5-b791-2cedad3b25e3 with 0 projects
2025-12-05T15:35:02.141-05:00  INFO 45508 --- [user-management-service] [http-nio-8083-exec-5] c.s.u.e.UserManagementEventPublisher     : Publishing user.invited event for: test7@correo.com
2025-12-05T15:35:02.143-05:00 DEBUG 45508 --- [user-management-service] [http-nio-8083-exec-5] o.s.a.r.c.CachingConnectionFactory       : Creating cached Rabbit Channel from AMQChannel(amqp://guest@127.0.0.1:5672/,3)
2025-12-05T15:35:02.143-05:00 DEBUG 45508 --- [user-management-service] [http-nio-8083-exec-5] o.s.amqp.rabbit.core.RabbitTemplate      : Executing callback RabbitTemplate$$Lambda/0x000074b55ceabcc0 on RabbitMQ Channel: Cached Rabbit Channel: AMQChannel(amqp://guest@127.0.0.1:5672/,3), conn: Proxy@6d61c425 Shared Rabbit Connection: SimpleConnection@f57058f [delegate=amqp://guest@127.0.0.1:5672/, localPort=58542]
2025-12-05T15:35:02.143-05:00 DEBUG 45508 --- [user-management-service] [http-nio-8083-exec-5] o.s.amqp.rabbit.core.RabbitTemplate      : Publishing message [(Body:'[B@44ffad5e(byte[549])' MessageProperties [headers={__ContentTypeId__=java.lang.Object, __KeyTypeId__=java.lang.Object, __TypeId__=java.util.HashMap}, contentType=application/json, contentEncoding=UTF-8, contentLength=549, deliveryMode=PERSISTENT, priority=0, deliveryTag=0])] on exchange [user-mgmt-exchange], routingKey = [user.invited]
2025-12-05T15:35:02.149-05:00 DEBUG 45508 --- [user-management-service] [http-nio-8083-exec-5] org.hibernate.SQL                        : 
    insert 
    into
        invitations
        (accepted_at, created_at, email, expires_at, invited_by, inviter_email, resource_id, resource_name, role, status, token, type, id) 
    values
        (?, ?, ?, ?, ?, ?, ?, ?, ?, ?, ?, ?, ?)
2025-12-05T15:35:02.179-05:00 DEBUG 45508 --- [user-management-service] [http-nio-8083-exec-6] org.hibernate.SQL                        : 
    select
        tme1_0.id,
        tme1_0.created_at,
        tme1_0.invited_by,
        tme1_0.joined_at,
        tme1_0.role,
        tme1_0.tenant_id,
        tme1_0.updated_at,
        tme1_0.user_id 
    from
        tenant_members tme1_0 
    where
        tme1_0.user_id=?
2025-12-05T15:36:10.079-05:00 DEBUG 45508 --- [user-management-service] [http-nio-8083-exec-10] org.hibernate.SQL                        : 
    select
        pme1_0.id,
        pme1_0.added_by,
        pme1_0.created_at,
        pme1_0.joined_at,
        pme1_0.project_id,
        pme1_0.role,
        pme1_0.tenant_id,
        pme1_0.updated_at,
        pme1_0.user_id 
    from
        project_members pme1_0 
    where
        pme1_0.user_id=?
2025-12-05T15:36:10.086-05:00 DEBUG 45508 --- [user-management-service] [http-nio-8083-exec-1] org.hibernate.SQL                        : 
    select
        tme1_0.id,
        tme1_0.created_at,
        tme1_0.invited_by,
        tme1_0.joined_at,
        tme1_0.role,
        tme1_0.tenant_id,
        tme1_0.updated_at,
        tme1_0.user_id 
    from
        tenant_members tme1_0 
    where
        tme1_0.user_id=?
2025-12-05T15:36:10.090-05:00 DEBUG 45508 --- [user-management-service] [http-nio-8083-exec-3] org.hibernate.SQL                        : 
    select
        pme1_0.id,
        pme1_0.added_by,
        pme1_0.created_at,
        pme1_0.joined_at,
        pme1_0.project_id,
        pme1_0.role,
        pme1_0.tenant_id,
        pme1_0.updated_at,
        pme1_0.user_id 
    from
        project_members pme1_0 
    where
        pme1_0.user_id=?
2025-12-05T15:36:10.112-05:00 DEBUG 45508 --- [user-management-service] [http-nio-8083-exec-4] org.hibernate.SQL                        : 
    select
        tme1_0.id,
        tme1_0.created_at,
        tme1_0.invited_by,
        tme1_0.joined_at,
        tme1_0.role,
        tme1_0.tenant_id,
        tme1_0.updated_at,
        tme1_0.user_id 
    from
        tenant_members tme1_0 
    where
        tme1_0.user_id=?
2025-12-05T15:36:15.921-05:00 DEBUG 45508 --- [user-management-service] [http-nio-8083-exec-7] org.hibernate.SQL                        : 
    select
        pme1_0.id,
        pme1_0.added_by,
        pme1_0.created_at,
        pme1_0.joined_at,
        pme1_0.project_id,
        pme1_0.role,
        pme1_0.tenant_id,
        pme1_0.updated_at,
        pme1_0.user_id 
    from
        project_members pme1_0 
    where
        pme1_0.user_id=?
2025-12-05T15:36:15.927-05:00 DEBUG 45508 --- [user-management-service] [http-nio-8083-exec-9] org.hibernate.SQL                        : 
    select
        tme1_0.id,
        tme1_0.created_at,
        tme1_0.invited_by,
        tme1_0.joined_at,
        tme1_0.role,
        tme1_0.tenant_id,
        tme1_0.updated_at,
        tme1_0.user_id 
    from
        tenant_members tme1_0 
    where
        tme1_0.user_id=?
2025-12-05T15:36:15.929-05:00 DEBUG 45508 --- [user-management-service] [http-nio-8083-exec-8] org.hibernate.SQL                        : 
    select
        pme1_0.id,
        pme1_0.added_by,
        pme1_0.created_at,
        pme1_0.joined_at,
        pme1_0.project_id,
        pme1_0.role,
        pme1_0.tenant_id,
        pme1_0.updated_at,
        pme1_0.user_id 
    from
        project_members pme1_0 
    where
        pme1_0.user_id=?
2025-12-05T15:36:15.955-05:00 DEBUG 45508 --- [user-management-service] [http-nio-8083-exec-2] org.hibernate.SQL                        : 
    select
        tme1_0.id,
        tme1_0.created_at,
        tme1_0.invited_by,
        tme1_0.joined_at,
        tme1_0.role,
        tme1_0.tenant_id,
        tme1_0.updated_at,
        tme1_0.user_id 
    from
        tenant_members tme1_0 
    where
        tme1_0.user_id=?
2025-12-05T15:36:28.184-05:00 DEBUG 45508 --- [user-management-service] [http-nio-8083-exec-3] org.hibernate.SQL                        : 
    select
        pme1_0.id,
        pme1_0.added_by,
        pme1_0.created_at,
        pme1_0.joined_at,
        pme1_0.project_id,
        pme1_0.role,
        pme1_0.tenant_id,
        pme1_0.updated_at,
        pme1_0.user_id 
    from
        project_members pme1_0 
    where
        pme1_0.user_id=?
2025-12-05T15:36:28.191-05:00 DEBUG 45508 --- [user-management-service] [http-nio-8083-exec-4] org.hibernate.SQL                        : 
    select
        tme1_0.id,
        tme1_0.created_at,
        tme1_0.invited_by,
        tme1_0.joined_at,
        tme1_0.role,
        tme1_0.tenant_id,
        tme1_0.updated_at,
        tme1_0.user_id 
    from
        tenant_members tme1_0 
    where
        tme1_0.user_id=?
2025-12-05T15:36:28.195-05:00 DEBUG 45508 --- [user-management-service] [http-nio-8083-exec-5] org.hibernate.SQL                        : 
    select
        pme1_0.id,
        pme1_0.added_by,
        pme1_0.created_at,
        pme1_0.joined_at,
        pme1_0.project_id,
        pme1_0.role,
        pme1_0.tenant_id,
        pme1_0.updated_at,
        pme1_0.user_id 
    from
        project_members pme1_0 
    where
        pme1_0.user_id=?
2025-12-05T15:36:28.218-05:00 DEBUG 45508 --- [user-management-service] [http-nio-8083-exec-6] org.hibernate.SQL                        : 
    select
        tme1_0.id,
        tme1_0.created_at,
        tme1_0.invited_by,
        tme1_0.joined_at,
        tme1_0.role,
        tme1_0.tenant_id,
        tme1_0.updated_at,
        tme1_0.user_id 
    from
        tenant_members tme1_0 
    where
        tme1_0.user_id=?
2025-12-05T15:36:29.792-05:00 DEBUG 45508 --- [user-management-service] [http-nio-8083-exec-7] org.hibernate.SQL                        : 
    select
        tme1_0.id,
        tme1_0.created_at,
        tme1_0.invited_by,
        tme1_0.joined_at,
        tme1_0.role,
        tme1_0.tenant_id,
        tme1_0.updated_at,
        tme1_0.user_id 
    from
        tenant_members tme1_0 
    where
        tme1_0.user_id=?
2025-12-05T15:36:32.599-05:00 DEBUG 45508 --- [user-management-service] [http-nio-8083-exec-8] org.hibernate.SQL                        : 
    select
        tme1_0.id,
        tme1_0.created_at,
        tme1_0.invited_by,
        tme1_0.joined_at,
        tme1_0.role,
        tme1_0.tenant_id,
        tme1_0.updated_at,
        tme1_0.user_id 
    from
        tenant_members tme1_0 
    where
        tme1_0.user_id=?
2025-12-05T15:39:52.743-05:00 DEBUG 45508 --- [user-management-service] [http-nio-8083-exec-10] org.hibernate.SQL                        : 
    select
        tme1_0.id,
        tme1_0.created_at,
        tme1_0.invited_by,
        tme1_0.joined_at,
        tme1_0.role,
        tme1_0.tenant_id,
        tme1_0.updated_at,
        tme1_0.user_id 
    from
        tenant_members tme1_0 
    where
        tme1_0.user_id=?
2025-12-05T15:44:12.122-05:00 DEBUG 45508 --- [user-management-service] [http-nio-8083-exec-4] org.hibernate.SQL                        : 
    select
        tme1_0.id,
        tme1_0.created_at,
        tme1_0.invited_by,
        tme1_0.joined_at,
        tme1_0.role,
        tme1_0.tenant_id,
        tme1_0.updated_at,
        tme1_0.user_id 
    from
        tenant_members tme1_0 
    where
        tme1_0.user_id=?
2025-12-05T15:46:11.248-05:00 DEBUG 45508 --- [user-management-service] [http-nio-8083-exec-6] org.hibernate.SQL                        : 
    select
        tme1_0.id,
        tme1_0.created_at,
        tme1_0.invited_by,
        tme1_0.joined_at,
        tme1_0.role,
        tme1_0.tenant_id,
        tme1_0.updated_at,
        tme1_0.user_id 
    from
        tenant_members tme1_0 
    where
        tme1_0.user_id=?
2025-12-05T15:50:56.257-05:00 DEBUG 45508 --- [user-management-service] [http-nio-8083-exec-2] org.hibernate.SQL                        : 
    select
        pme1_0.id,
        pme1_0.added_by,
        pme1_0.created_at,
        pme1_0.joined_at,
        pme1_0.project_id,
        pme1_0.role,
        pme1_0.tenant_id,
        pme1_0.updated_at,
        pme1_0.user_id 
    from
        project_members pme1_0 
    where
        pme1_0.user_id=?
2025-12-05T15:50:56.266-05:00 DEBUG 45508 --- [user-management-service] [http-nio-8083-exec-10] org.hibernate.SQL                        : 
    select
        pme1_0.id,
        pme1_0.added_by,
        pme1_0.created_at,
        pme1_0.joined_at,
        pme1_0.project_id,
        pme1_0.role,
        pme1_0.tenant_id,
        pme1_0.updated_at,
        pme1_0.user_id 
    from
        project_members pme1_0 
    where
        pme1_0.user_id=?
2025-12-05T15:50:56.267-05:00 DEBUG 45508 --- [user-management-service] [http-nio-8083-exec-1] org.hibernate.SQL                        : 
    select
        tme1_0.id,
        tme1_0.created_at,
        tme1_0.invited_by,
        tme1_0.joined_at,
        tme1_0.role,
        tme1_0.tenant_id,
        tme1_0.updated_at,
        tme1_0.user_id 
    from
        tenant_members tme1_0 
    where
        tme1_0.user_id=?
2025-12-05T15:50:56.303-05:00 DEBUG 45508 --- [user-management-service] [http-nio-8083-exec-3] org.hibernate.SQL                        : 
    select
        tme1_0.id,
        tme1_0.created_at,
        tme1_0.invited_by,
        tme1_0.joined_at,
        tme1_0.role,
        tme1_0.tenant_id,
        tme1_0.updated_at,
        tme1_0.user_id 
    from
        tenant_members tme1_0 
    where
        tme1_0.user_id=?
2025-12-05T15:50:58.585-05:00 DEBUG 45508 --- [user-management-service] [http-nio-8083-exec-4] org.hibernate.SQL                        : 
    select
        tme1_0.id,
        tme1_0.created_at,
        tme1_0.invited_by,
        tme1_0.joined_at,
        tme1_0.role,
        tme1_0.tenant_id,
        tme1_0.updated_at,
        tme1_0.user_id 
    from
        tenant_members tme1_0 
    where
        tme1_0.user_id=?
2025-12-05T15:50:58.737-05:00 DEBUG 45508 --- [user-management-service] [http-nio-8083-exec-5] org.hibernate.SQL                        : 
    select
        tme1_0.id,
        tme1_0.created_at,
        tme1_0.invited_by,
        tme1_0.joined_at,
        tme1_0.role,
        tme1_0.tenant_id,
        tme1_0.updated_at,
        tme1_0.user_id 
    from
        tenant_members tme1_0 
    where
        tme1_0.user_id=?
2025-12-05T15:51:10.867-05:00 DEBUG 45508 --- [user-management-service] [http-nio-8083-exec-9] org.hibernate.SQL                        : 
    select
        pme1_0.id,
        pme1_0.added_by,
        pme1_0.created_at,
        pme1_0.joined_at,
        pme1_0.project_id,
        pme1_0.role,
        pme1_0.tenant_id,
        pme1_0.updated_at,
        pme1_0.user_id 
    from
        project_members pme1_0 
    where
        pme1_0.user_id=?
2025-12-05T15:51:10.879-05:00 DEBUG 45508 --- [user-management-service] [http-nio-8083-exec-8] org.hibernate.SQL                        : 
    select
        tme1_0.id,
        tme1_0.created_at,
        tme1_0.invited_by,
        tme1_0.joined_at,
        tme1_0.role,
        tme1_0.tenant_id,
        tme1_0.updated_at,
        tme1_0.user_id 
    from
        tenant_members tme1_0 
    where
        tme1_0.user_id=?
2025-12-05T15:51:10.883-05:00 DEBUG 45508 --- [user-management-service] [http-nio-8083-exec-2] org.hibernate.SQL                        : 
    select
        pme1_0.id,
        pme1_0.added_by,
        pme1_0.created_at,
        pme1_0.joined_at,
        pme1_0.project_id,
        pme1_0.role,
        pme1_0.tenant_id,
        pme1_0.updated_at,
        pme1_0.user_id 
    from
        project_members pme1_0 
    where
        pme1_0.user_id=?
2025-12-05T15:51:10.910-05:00 DEBUG 45508 --- [user-management-service] [http-nio-8083-exec-1] org.hibernate.SQL                        : 
    select
        tme1_0.id,
        tme1_0.created_at,
        tme1_0.invited_by,
        tme1_0.joined_at,
        tme1_0.role,
        tme1_0.tenant_id,
        tme1_0.updated_at,
        tme1_0.user_id 
    from
        tenant_members tme1_0 
    where
        tme1_0.user_id=?
2025-12-05T15:51:12.886-05:00 DEBUG 45508 --- [user-management-service] [http-nio-8083-exec-10] org.hibernate.SQL                        : 
    select
        tme1_0.id,
        tme1_0.created_at,
        tme1_0.invited_by,
        tme1_0.joined_at,
        tme1_0.role,
        tme1_0.tenant_id,
        tme1_0.updated_at,
        tme1_0.user_id 
    from
        tenant_members tme1_0 
    where
        tme1_0.user_id=?
2025-12-05T15:51:27.677-05:00  INFO 45508 --- [user-management-service] [http-nio-8083-exec-4] c.s.u.controller.TenantMemberController  : Inviting user test7@correo.com to tenant 00b93923-4c4f-4a50-b38e-0c24087c10a1 with role TENANT_USER
2025-12-05T15:51:27.679-05:00  INFO 45508 --- [user-management-service] [http-nio-8083-exec-4] c.s.u.s.impl.InvitationServiceImpl       : 📤 Inviting user test7@correo.com to TENANT 00b93923-4c4f-4a50-b38e-0c24087c10a1 by user 3fa51fa4-e885-4a79-aa3e-7e4336dbebbd (test6@correo.com)
2025-12-05T15:51:27.680-05:00 DEBUG 45508 --- [user-management-service] [http-nio-8083-exec-4] org.hibernate.SQL                        : 
    select
        ie1_0.id 
    from
        invitations ie1_0 
    where
        ie1_0.email=? 
        and ie1_0.resource_id=? 
        and ie1_0.type=? 
        and ie1_0.status=? 
    fetch
        first ? rows only
2025-12-05T15:51:44.496-05:00 DEBUG 45508 --- [user-management-service] [http-nio-8083-exec-7] org.hibernate.SQL                        : 
    select
        pme1_0.id,
        pme1_0.added_by,
        pme1_0.created_at,
        pme1_0.joined_at,
        pme1_0.project_id,
        pme1_0.role,
        pme1_0.tenant_id,
        pme1_0.updated_at,
        pme1_0.user_id 
    from
        project_members pme1_0 
    where
        pme1_0.user_id=?
2025-12-05T15:51:44.500-05:00 DEBUG 45508 --- [user-management-service] [http-nio-8083-exec-9] org.hibernate.SQL                        : 
    select
        tme1_0.id,
        tme1_0.created_at,
        tme1_0.invited_by,
        tme1_0.joined_at,
        tme1_0.role,
        tme1_0.tenant_id,
        tme1_0.updated_at,
        tme1_0.user_id 
    from
        tenant_members tme1_0 
    where
        tme1_0.user_id=?
2025-12-05T15:51:44.505-05:00 DEBUG 45508 --- [user-management-service] [http-nio-8083-exec-8] org.hibernate.SQL                        : 
    select
        pme1_0.id,
        pme1_0.added_by,
        pme1_0.created_at,
        pme1_0.joined_at,
        pme1_0.project_id,
        pme1_0.role,
        pme1_0.tenant_id,
        pme1_0.updated_at,
        pme1_0.user_id 
    from
        project_members pme1_0 
    where
        pme1_0.user_id=?
2025-12-05T15:51:44.526-05:00 DEBUG 45508 --- [user-management-service] [http-nio-8083-exec-2] org.hibernate.SQL                        : 
    select
        tme1_0.id,
        tme1_0.created_at,
        tme1_0.invited_by,
        tme1_0.joined_at,
        tme1_0.role,
        tme1_0.tenant_id,
        tme1_0.updated_at,
        tme1_0.user_id 
    from
        tenant_members tme1_0 
    where
        tme1_0.user_id=?
2025-12-05T15:51:46.112-05:00 DEBUG 45508 --- [user-management-service] [http-nio-8083-exec-1] org.hibernate.SQL                        : 
    select
        tme1_0.id,
        tme1_0.created_at,
        tme1_0.invited_by,
        tme1_0.joined_at,
        tme1_0.role,
        tme1_0.tenant_id,
        tme1_0.updated_at,
        tme1_0.user_id 
    from
        tenant_members tme1_0 
    where
        tme1_0.user_id=?
2025-12-05T15:52:19.921-05:00 DEBUG 45508 --- [user-management-service] [pool-2-thread-6] o.s.a.r.listener.BlockingQueueConsumer   : Storing delivery for consumerTag: 'amq.ctag-j9lg_kuQNTkR0nBRxUyD-w' with deliveryTag: '2' in Consumer@4f714688: tags=[[amq.ctag-j9lg_kuQNTkR0nBRxUyD-w]], channel=Cached Rabbit Channel: AMQChannel(amqp://guest@127.0.0.1:5672/,2), conn: Proxy@6d61c425 Shared Rabbit Connection: SimpleConnection@f57058f [delegate=amqp://guest@127.0.0.1:5672/, localPort=58542], acknowledgeMode=AUTO local queue size=0
2025-12-05T15:52:19.921-05:00 DEBUG 45508 --- [user-management-service] [org.springframework.amqp.rabbit.RabbitListenerEndpointContainer#1-1] o.s.a.r.listener.BlockingQueueConsumer   : Received message: (Body:'[B@20ad3315(byte[434])' MessageProperties [headers={__ContentTypeId__=java.lang.Object, __KeyTypeId__=java.lang.Object, __TypeId__=java.util.HashMap}, contentType=application/json, contentEncoding=UTF-8, contentLength=0, receivedDeliveryMode=PERSISTENT, priority=0, redelivered=false, receivedExchange=tenant-exchange, receivedRoutingKey=tenant.created, deliveryTag=2, consumerTag=amq.ctag-j9lg_kuQNTkR0nBRxUyD-w, consumerQueue=user_mgmt.tenant.created.queue])
2025-12-05T15:52:19.922-05:00 DEBUG 45508 --- [user-management-service] [org.springframework.amqp.rabbit.RabbitListenerEndpointContainer#1-1] .a.r.l.a.MessagingMessageListenerAdapter : Processing [GenericMessage [payload={eventId=bd6c3dd3-2ea4-4043-b51b-0185d686cee6, metadata={correlationId=9f0b861d-f0b6-4b1e-82e4-396c39ab5dff, source=tenant-service}, data={tenantId=4a6d8cab-8237-4a39-9c40-30da9dea9e4e, name=Test8's Workspace, type=PERSONAL, userId=b45b8eb8-9cbe-46c0-80d4-0992a26d214b, plan=FREE, slug=test8s-workspace-b45b8eb8}, eventType=tenant.created, version=1.0, timestamp=2025-12-05T15:52:19.918889282}, headers={amqp_receivedDeliveryMode=PERSISTENT, amqp_receivedExchange=tenant-exchange, amqp_deliveryTag=2, amqp_consumerQueue=user_mgmt.tenant.created.queue, amqp_redelivered=false, __ContentTypeId__=java.lang.Object, amqp_receivedRoutingKey=tenant.created, amqp_contentEncoding=UTF-8, __KeyTypeId__=java.lang.Object, amqp_retryCount=0, id=a8d57acd-95b7-eb21-86b0-91ae878d99bc, amqp_consumerTag=amq.ctag-j9lg_kuQNTkR0nBRxUyD-w, amqp_lastInBatch=false, contentType=application/json, __TypeId__=java.util.HashMap, timestamp=1764967939921}]]
2025-12-05T15:52:19.922-05:00  INFO 45508 --- [user-management-service] [org.springframework.amqp.rabbit.RabbitListenerEndpointContainer#1-1] c.s.u.e.listeners.TenantCreatedListener  : 📥 Received event: tenant.created - {eventId=bd6c3dd3-2ea4-4043-b51b-0185d686cee6, metadata={correlationId=9f0b861d-f0b6-4b1e-82e4-396c39ab5dff, source=tenant-service}, data={tenantId=4a6d8cab-8237-4a39-9c40-30da9dea9e4e, name=Test8's Workspace, type=PERSONAL, userId=b45b8eb8-9cbe-46c0-80d4-0992a26d214b, plan=FREE, slug=test8s-workspace-b45b8eb8}, eventType=tenant.created, version=1.0, timestamp=2025-12-05T15:52:19.918889282}
2025-12-05T15:52:19.923-05:00  INFO 45508 --- [user-management-service] [org.springframework.amqp.rabbit.RabbitListenerEndpointContainer#1-1] c.s.u.e.listeners.TenantCreatedListener  : 🔄 Adding owner b45b8eb8-9cbe-46c0-80d4-0992a26d214b as TENANT_ADMIN to tenant 4a6d8cab-8237-4a39-9c40-30da9dea9e4e (Test8's Workspace)
2025-12-05T15:52:19.923-05:00  INFO 45508 --- [user-management-service] [org.springframework.amqp.rabbit.RabbitListenerEndpointContainer#1-1] c.s.u.s.impl.TenantMemberServiceImpl     : Adding member b45b8eb8-9cbe-46c0-80d4-0992a26d214b to tenant 4a6d8cab-8237-4a39-9c40-30da9dea9e4e with role TENANT_ADMIN
2025-12-05T15:52:19.924-05:00 DEBUG 45508 --- [user-management-service] [org.springframework.amqp.rabbit.RabbitListenerEndpointContainer#1-1] org.hibernate.SQL                        : 
    select
        tme1_0.id 
    from
        tenant_members tme1_0 
    where
        tme1_0.tenant_id=? 
        and tme1_0.user_id=? 
    fetch
        first ? rows only
2025-12-05T15:52:19.932-05:00  INFO 45508 --- [user-management-service] [org.springframework.amqp.rabbit.RabbitListenerEndpointContainer#1-1] c.s.u.s.impl.TenantMemberServiceImpl     : Member added successfully: 0289587d-0f03-478f-8ad0-29a65685649e
2025-12-05T15:52:19.932-05:00  INFO 45508 --- [user-management-service] [org.springframework.amqp.rabbit.RabbitListenerEndpointContainer#1-1] c.s.u.e.listeners.TenantCreatedListener  : ✅ Owner successfully added as TENANT_ADMIN to tenant: 4a6d8cab-8237-4a39-9c40-30da9dea9e4e
2025-12-05T15:52:19.933-05:00 DEBUG 45508 --- [user-management-service] [org.springframework.amqp.rabbit.RabbitListenerEndpointContainer#1-1] org.hibernate.SQL                        : 
    insert 
    into
        tenant_members
        (created_at, invited_by, joined_at, role, tenant_id, updated_at, user_id, id) 
    values
        (?, ?, ?, ?, ?, ?, ?, ?)
2025-12-05T15:52:19.946-05:00 DEBUG 45508 --- [user-management-service] [http-nio-8083-exec-4] org.hibernate.SQL                        : 
    select
        pme1_0.id,
        pme1_0.added_by,
        pme1_0.created_at,
        pme1_0.joined_at,
        pme1_0.project_id,
        pme1_0.role,
        pme1_0.tenant_id,
        pme1_0.updated_at,
        pme1_0.user_id 
    from
        project_members pme1_0 
    where
        pme1_0.user_id=?
2025-12-05T15:52:19.955-05:00 DEBUG 45508 --- [user-management-service] [http-nio-8083-exec-6] org.hibernate.SQL                        : 
    select
        tme1_0.id,
        tme1_0.created_at,
        tme1_0.invited_by,
        tme1_0.joined_at,
        tme1_0.role,
        tme1_0.tenant_id,
        tme1_0.updated_at,
        tme1_0.user_id 
    from
        tenant_members tme1_0 
    where
        tme1_0.user_id=?
2025-12-05T15:52:19.965-05:00 DEBUG 45508 --- [user-management-service] [http-nio-8083-exec-5] org.hibernate.SQL                        : 
    select
        pme1_0.id,
        pme1_0.added_by,
        pme1_0.created_at,
        pme1_0.joined_at,
        pme1_0.project_id,
        pme1_0.role,
        pme1_0.tenant_id,
        pme1_0.updated_at,
        pme1_0.user_id 
    from
        project_members pme1_0 
    where
        pme1_0.user_id=?
2025-12-05T15:52:19.981-05:00 DEBUG 45508 --- [user-management-service] [http-nio-8083-exec-7] org.hibernate.SQL                        : 
    select
        tme1_0.id,
        tme1_0.created_at,
        tme1_0.invited_by,
        tme1_0.joined_at,
        tme1_0.role,
        tme1_0.tenant_id,
        tme1_0.updated_at,
        tme1_0.user_id 
    from
        tenant_members tme1_0 
    where
        tme1_0.user_id=?
2025-12-05T15:52:22.607-05:00 DEBUG 45508 --- [user-management-service] [http-nio-8083-exec-9] org.hibernate.SQL                        : 
    select
        tme1_0.id,
        tme1_0.created_at,
        tme1_0.invited_by,
        tme1_0.joined_at,
        tme1_0.role,
        tme1_0.tenant_id,
        tme1_0.updated_at,
        tme1_0.user_id 
    from
        tenant_members tme1_0 
    where
        tme1_0.user_id=?
2025-12-05T15:52:36.673-05:00 DEBUG 45508 --- [user-management-service] [http-nio-8083-exec-3] org.hibernate.SQL                        : 
    select
        tme1_0.id,
        tme1_0.created_at,
        tme1_0.invited_by,
        tme1_0.joined_at,
        tme1_0.role,
        tme1_0.tenant_id,
        tme1_0.updated_at,
        tme1_0.user_id 
    from
        tenant_members tme1_0 
    where
        tme1_0.user_id=?
2025-12-05T15:52:36.673-05:00 DEBUG 45508 --- [user-management-service] [http-nio-8083-exec-1] org.hibernate.SQL                        : 
    select
        pme1_0.id,
        pme1_0.added_by,
        pme1_0.created_at,
        pme1_0.joined_at,
        pme1_0.project_id,
        pme1_0.role,
        pme1_0.tenant_id,
        pme1_0.updated_at,
        pme1_0.user_id 
    from
        project_members pme1_0 
    where
        pme1_0.user_id=?
2025-12-05T15:52:36.683-05:00 DEBUG 45508 --- [user-management-service] [http-nio-8083-exec-10] org.hibernate.SQL                        : 
    select
        pme1_0.id,
        pme1_0.added_by,
        pme1_0.created_at,
        pme1_0.joined_at,
        pme1_0.project_id,
        pme1_0.role,
        pme1_0.tenant_id,
        pme1_0.updated_at,
        pme1_0.user_id 
    from
        project_members pme1_0 
    where
        pme1_0.user_id=?
2025-12-05T15:52:36.697-05:00 DEBUG 45508 --- [user-management-service] [http-nio-8083-exec-4] org.hibernate.SQL                        : 
    select
        tme1_0.id,
        tme1_0.created_at,
        tme1_0.invited_by,
        tme1_0.joined_at,
        tme1_0.role,
        tme1_0.tenant_id,
        tme1_0.updated_at,
        tme1_0.user_id 
    from
        tenant_members tme1_0 
    where
        tme1_0.user_id=?
2025-12-05T15:52:44.411-05:00  INFO 45508 --- [user-management-service] [http-nio-8083-exec-5] c.s.u.controller.TenantMemberController  : Inviting user test8@correo.com to tenant 00b93923-4c4f-4a50-b38e-0c24087c10a1 with role TENANT_USER
2025-12-05T15:52:44.412-05:00  INFO 45508 --- [user-management-service] [http-nio-8083-exec-5] c.s.u.s.impl.InvitationServiceImpl       : 📤 Inviting user test8@correo.com to TENANT 00b93923-4c4f-4a50-b38e-0c24087c10a1 by user 3fa51fa4-e885-4a79-aa3e-7e4336dbebbd (test6@correo.com)
2025-12-05T15:52:44.413-05:00 DEBUG 45508 --- [user-management-service] [http-nio-8083-exec-5] org.hibernate.SQL                        : 
    select
        ie1_0.id 
    from
        invitations ie1_0 
    where
        ie1_0.email=? 
        and ie1_0.resource_id=? 
        and ie1_0.type=? 
        and ie1_0.status=? 
    fetch
        first ? rows only
2025-12-05T15:52:44.423-05:00  INFO 45508 --- [user-management-service] [http-nio-8083-exec-5] c.s.u.s.impl.InvitationServiceImpl       : ✅ Invitation created: d1f3f619-7f8f-441f-b354-1e7a4de004ea with 0 projects
2025-12-05T15:52:44.423-05:00  INFO 45508 --- [user-management-service] [http-nio-8083-exec-5] c.s.u.e.UserManagementEventPublisher     : Publishing user.invited event for: test8@correo.com
2025-12-05T15:52:44.424-05:00 DEBUG 45508 --- [user-management-service] [http-nio-8083-exec-5] o.s.amqp.rabbit.core.RabbitTemplate      : Executing callback RabbitTemplate$$Lambda/0x000074b55ceabcc0 on RabbitMQ Channel: Cached Rabbit Channel: AMQChannel(amqp://guest@127.0.0.1:5672/,3), conn: Proxy@6d61c425 Shared Rabbit Connection: SimpleConnection@f57058f [delegate=amqp://guest@127.0.0.1:5672/, localPort=58542]
2025-12-05T15:52:44.424-05:00 DEBUG 45508 --- [user-management-service] [http-nio-8083-exec-5] o.s.amqp.rabbit.core.RabbitTemplate      : Publishing message [(Body:'[B@1e0e0def(byte[549])' MessageProperties [headers={__ContentTypeId__=java.lang.Object, __KeyTypeId__=java.lang.Object, __TypeId__=java.util.HashMap}, contentType=application/json, contentEncoding=UTF-8, contentLength=549, deliveryMode=PERSISTENT, priority=0, deliveryTag=0])] on exchange [user-mgmt-exchange], routingKey = [user.invited]
2025-12-05T15:52:44.425-05:00 DEBUG 45508 --- [user-management-service] [http-nio-8083-exec-5] org.hibernate.SQL                        : 
    insert 
    into
        invitations
        (accepted_at, created_at, email, expires_at, invited_by, inviter_email, resource_id, resource_name, role, status, token, type, id) 
    values
        (?, ?, ?, ?, ?, ?, ?, ?, ?, ?, ?, ?, ?)
2025-12-05T15:52:44.449-05:00 DEBUG 45508 --- [user-management-service] [http-nio-8083-exec-7] org.hibernate.SQL                        : 
    select
        tme1_0.id,
        tme1_0.created_at,
        tme1_0.invited_by,
        tme1_0.joined_at,
        tme1_0.role,
        tme1_0.tenant_id,
        tme1_0.updated_at,
        tme1_0.user_id 
    from
        tenant_members tme1_0 
    where
        tme1_0.user_id=?
2025-12-05T15:52:47.429-05:00 DEBUG 45508 --- [user-management-service] [http-nio-8083-exec-9] org.hibernate.SQL                        : 
    select
        tme1_0.id,
        tme1_0.created_at,
        tme1_0.invited_by,
        tme1_0.joined_at,
        tme1_0.role,
        tme1_0.tenant_id,
        tme1_0.updated_at,
        tme1_0.user_id 
    from
        tenant_members tme1_0 
    where
        tme1_0.user_id=?
2025-12-05T15:53:06.690-05:00 DEBUG 45508 --- [user-management-service] [http-nio-8083-exec-1] org.hibernate.SQL                        : 
    select
        pme1_0.id,
        pme1_0.added_by,
        pme1_0.created_at,
        pme1_0.joined_at,
        pme1_0.project_id,
        pme1_0.role,
        pme1_0.tenant_id,
        pme1_0.updated_at,
        pme1_0.user_id 
    from
        project_members pme1_0 
    where
        pme1_0.user_id=?
2025-12-05T15:53:06.696-05:00 DEBUG 45508 --- [user-management-service] [http-nio-8083-exec-3] org.hibernate.SQL                        : 
    select
        tme1_0.id,
        tme1_0.created_at,
        tme1_0.invited_by,
        tme1_0.joined_at,
        tme1_0.role,
        tme1_0.tenant_id,
        tme1_0.updated_at,
        tme1_0.user_id 
    from
        tenant_members tme1_0 
    where
        tme1_0.user_id=?
2025-12-05T15:53:06.705-05:00 DEBUG 45508 --- [user-management-service] [http-nio-8083-exec-10] org.hibernate.SQL                        : 
    select
        pme1_0.id,
        pme1_0.added_by,
        pme1_0.created_at,
        pme1_0.joined_at,
        pme1_0.project_id,
        pme1_0.role,
        pme1_0.tenant_id,
        pme1_0.updated_at,
        pme1_0.user_id 
    from
        project_members pme1_0 
    where
        pme1_0.user_id=?
2025-12-05T15:53:06.720-05:00 DEBUG 45508 --- [user-management-service] [http-nio-8083-exec-4] org.hibernate.SQL                        : 
    select
        tme1_0.id,
        tme1_0.created_at,
        tme1_0.invited_by,
        tme1_0.joined_at,
        tme1_0.role,
        tme1_0.tenant_id,
        tme1_0.updated_at,
        tme1_0.user_id 
    from
        tenant_members tme1_0 
    where
        tme1_0.user_id=?
2025-12-05T15:53:11.372-05:00 DEBUG 45508 --- [user-management-service] [http-nio-8083-exec-6] org.hibernate.SQL                        : 
    select
        tme1_0.id,
        tme1_0.created_at,
        tme1_0.invited_by,
        tme1_0.joined_at,
        tme1_0.role,
        tme1_0.tenant_id,
        tme1_0.updated_at,
        tme1_0.user_id 
    from
        tenant_members tme1_0 
    where
        tme1_0.user_id=?
2025-12-05T15:54:00.742-05:00 DEBUG 45508 --- [user-management-service] [pool-2-thread-7] o.s.a.r.listener.BlockingQueueConsumer   : Storing delivery for consumerTag: 'amq.ctag-j9lg_kuQNTkR0nBRxUyD-w' with deliveryTag: '3' in Consumer@4f714688: tags=[[amq.ctag-j9lg_kuQNTkR0nBRxUyD-w]], channel=Cached Rabbit Channel: AMQChannel(amqp://guest@127.0.0.1:5672/,2), conn: Proxy@6d61c425 Shared Rabbit Connection: SimpleConnection@f57058f [delegate=amqp://guest@127.0.0.1:5672/, localPort=58542], acknowledgeMode=AUTO local queue size=0
2025-12-05T15:54:00.743-05:00 DEBUG 45508 --- [user-management-service] [org.springframework.amqp.rabbit.RabbitListenerEndpointContainer#1-1] o.s.a.r.listener.BlockingQueueConsumer   : Received message: (Body:'[B@e1c4871(byte[434])' MessageProperties [headers={__ContentTypeId__=java.lang.Object, __KeyTypeId__=java.lang.Object, __TypeId__=java.util.HashMap}, contentType=application/json, contentEncoding=UTF-8, contentLength=0, receivedDeliveryMode=PERSISTENT, priority=0, redelivered=false, receivedExchange=tenant-exchange, receivedRoutingKey=tenant.created, deliveryTag=3, consumerTag=amq.ctag-j9lg_kuQNTkR0nBRxUyD-w, consumerQueue=user_mgmt.tenant.created.queue])
2025-12-05T15:54:00.743-05:00 DEBUG 45508 --- [user-management-service] [org.springframework.amqp.rabbit.RabbitListenerEndpointContainer#1-1] .a.r.l.a.MessagingMessageListenerAdapter : Processing [GenericMessage [payload={eventId=6f0a1566-0088-4134-8df1-95dfaecd977c, metadata={correlationId=9367ac42-2b2a-4a1e-bb45-a813919ea32c, source=tenant-service}, data={tenantId=110519ff-84d8-4504-bb84-bf943e04b8e6, name=test9's Workspace, type=PERSONAL, userId=d0948ae5-b858-4cd3-ab42-4dc05ee0089f, plan=FREE, slug=test9s-workspace-d0948ae5}, eventType=tenant.created, version=1.0, timestamp=2025-12-05T15:54:00.741221539}, headers={amqp_receivedDeliveryMode=PERSISTENT, amqp_receivedExchange=tenant-exchange, amqp_deliveryTag=3, amqp_consumerQueue=user_mgmt.tenant.created.queue, amqp_redelivered=false, __ContentTypeId__=java.lang.Object, amqp_receivedRoutingKey=tenant.created, amqp_contentEncoding=UTF-8, __KeyTypeId__=java.lang.Object, amqp_retryCount=0, id=940d004b-8123-815c-ab56-de616d65559d, amqp_consumerTag=amq.ctag-j9lg_kuQNTkR0nBRxUyD-w, amqp_lastInBatch=false, contentType=application/json, __TypeId__=java.util.HashMap, timestamp=1764968040743}]]
2025-12-05T15:54:00.744-05:00  INFO 45508 --- [user-management-service] [org.springframework.amqp.rabbit.RabbitListenerEndpointContainer#1-1] c.s.u.e.listeners.TenantCreatedListener  : 📥 Received event: tenant.created - {eventId=6f0a1566-0088-4134-8df1-95dfaecd977c, metadata={correlationId=9367ac42-2b2a-4a1e-bb45-a813919ea32c, source=tenant-service}, data={tenantId=110519ff-84d8-4504-bb84-bf943e04b8e6, name=test9's Workspace, type=PERSONAL, userId=d0948ae5-b858-4cd3-ab42-4dc05ee0089f, plan=FREE, slug=test9s-workspace-d0948ae5}, eventType=tenant.created, version=1.0, timestamp=2025-12-05T15:54:00.741221539}
2025-12-05T15:54:00.745-05:00  INFO 45508 --- [user-management-service] [org.springframework.amqp.rabbit.RabbitListenerEndpointContainer#1-1] c.s.u.e.listeners.TenantCreatedListener  : 🔄 Adding owner d0948ae5-b858-4cd3-ab42-4dc05ee0089f as TENANT_ADMIN to tenant 110519ff-84d8-4504-bb84-bf943e04b8e6 (test9's Workspace)
2025-12-05T15:54:00.745-05:00  INFO 45508 --- [user-management-service] [org.springframework.amqp.rabbit.RabbitListenerEndpointContainer#1-1] c.s.u.s.impl.TenantMemberServiceImpl     : Adding member d0948ae5-b858-4cd3-ab42-4dc05ee0089f to tenant 110519ff-84d8-4504-bb84-bf943e04b8e6 with role TENANT_ADMIN
2025-12-05T15:54:00.746-05:00 DEBUG 45508 --- [user-management-service] [org.springframework.amqp.rabbit.RabbitListenerEndpointContainer#1-1] org.hibernate.SQL                        : 
    select
        tme1_0.id 
    from
        tenant_members tme1_0 
    where
        tme1_0.tenant_id=? 
        and tme1_0.user_id=? 
    fetch
        first ? rows only
2025-12-05T15:54:00.748-05:00  INFO 45508 --- [user-management-service] [org.springframework.amqp.rabbit.RabbitListenerEndpointContainer#1-1] c.s.u.s.impl.TenantMemberServiceImpl     : Member added successfully: b90a91b3-e08d-415f-b465-acc469289984
2025-12-05T15:54:00.748-05:00  INFO 45508 --- [user-management-service] [org.springframework.amqp.rabbit.RabbitListenerEndpointContainer#1-1] c.s.u.e.listeners.TenantCreatedListener  : ✅ Owner successfully added as TENANT_ADMIN to tenant: 110519ff-84d8-4504-bb84-bf943e04b8e6
2025-12-05T15:54:00.749-05:00 DEBUG 45508 --- [user-management-service] [org.springframework.amqp.rabbit.RabbitListenerEndpointContainer#1-1] org.hibernate.SQL                        : 
    insert 
    into
        tenant_members
        (created_at, invited_by, joined_at, role, tenant_id, updated_at, user_id, id) 
    values
        (?, ?, ?, ?, ?, ?, ?, ?)
2025-12-05T15:54:00.773-05:00 DEBUG 45508 --- [user-management-service] [http-nio-8083-exec-7] org.hibernate.SQL                        : 
    select
        pme1_0.id,
        pme1_0.added_by,
        pme1_0.created_at,
        pme1_0.joined_at,
        pme1_0.project_id,
        pme1_0.role,
        pme1_0.tenant_id,
        pme1_0.updated_at,
        pme1_0.user_id 
    from
        project_members pme1_0 
    where
        pme1_0.user_id=?
2025-12-05T15:54:00.780-05:00 DEBUG 45508 --- [user-management-service] [http-nio-8083-exec-9] org.hibernate.SQL                        : 
    select
        tme1_0.id,
        tme1_0.created_at,
        tme1_0.invited_by,
        tme1_0.joined_at,
        tme1_0.role,
        tme1_0.tenant_id,
        tme1_0.updated_at,
        tme1_0.user_id 
    from
        tenant_members tme1_0 
    where
        tme1_0.user_id=?
2025-12-05T15:54:00.789-05:00 DEBUG 45508 --- [user-management-service] [http-nio-8083-exec-8] org.hibernate.SQL                        : 
    select
        pme1_0.id,
        pme1_0.added_by,
        pme1_0.created_at,
        pme1_0.joined_at,
        pme1_0.project_id,
        pme1_0.role,
        pme1_0.tenant_id,
        pme1_0.updated_at,
        pme1_0.user_id 
    from
        project_members pme1_0 
    where
        pme1_0.user_id=?
2025-12-05T15:54:00.817-05:00 DEBUG 45508 --- [user-management-service] [http-nio-8083-exec-2] org.hibernate.SQL                        : 
    select
        tme1_0.id,
        tme1_0.created_at,
        tme1_0.invited_by,
        tme1_0.joined_at,
        tme1_0.role,
        tme1_0.tenant_id,
        tme1_0.updated_at,
        tme1_0.user_id 
    from
        tenant_members tme1_0 
    where
        tme1_0.user_id=?
2025-12-05T15:54:24.539-05:00 DEBUG 45508 --- [user-management-service] [http-nio-8083-exec-10] org.hibernate.SQL                        : 
    select
        pme1_0.id,
        pme1_0.added_by,
        pme1_0.created_at,
        pme1_0.joined_at,
        pme1_0.project_id,
        pme1_0.role,
        pme1_0.tenant_id,
        pme1_0.updated_at,
        pme1_0.user_id 
    from
        project_members pme1_0 
    where
        pme1_0.user_id=?
2025-12-05T15:54:24.544-05:00 DEBUG 45508 --- [user-management-service] [http-nio-8083-exec-4] org.hibernate.SQL                        : 
    select
        tme1_0.id,
        tme1_0.created_at,
        tme1_0.invited_by,
        tme1_0.joined_at,
        tme1_0.role,
        tme1_0.tenant_id,
        tme1_0.updated_at,
        tme1_0.user_id 
    from
        tenant_members tme1_0 
    where
        tme1_0.user_id=?
2025-12-05T15:54:24.547-05:00 DEBUG 45508 --- [user-management-service] [http-nio-8083-exec-6] org.hibernate.SQL                        : 
    select
        pme1_0.id,
        pme1_0.added_by,
        pme1_0.created_at,
        pme1_0.joined_at,
        pme1_0.project_id,
        pme1_0.role,
        pme1_0.tenant_id,
        pme1_0.updated_at,
        pme1_0.user_id 
    from
        project_members pme1_0 
    where
        pme1_0.user_id=?
2025-12-05T15:54:24.567-05:00 DEBUG 45508 --- [user-management-service] [http-nio-8083-exec-5] org.hibernate.SQL                        : 
    select
        tme1_0.id,
        tme1_0.created_at,
        tme1_0.invited_by,
        tme1_0.joined_at,
        tme1_0.role,
        tme1_0.tenant_id,
        tme1_0.updated_at,
        tme1_0.user_id 
    from
        tenant_members tme1_0 
    where
        tme1_0.user_id=?
2025-12-05T15:54:26.613-05:00 DEBUG 45508 --- [user-management-service] [http-nio-8083-exec-7] org.hibernate.SQL                        : 
    select
        tme1_0.id,
        tme1_0.created_at,
        tme1_0.invited_by,
        tme1_0.joined_at,
        tme1_0.role,
        tme1_0.tenant_id,
        tme1_0.updated_at,
        tme1_0.user_id 
    from
        tenant_members tme1_0 
    where
        tme1_0.user_id=?
2025-12-05T15:54:31.306-05:00  INFO 45508 --- [user-management-service] [http-nio-8083-exec-8] c.s.u.controller.TenantMemberController  : Inviting user test9@correo.com to tenant 00b93923-4c4f-4a50-b38e-0c24087c10a1 with role TENANT_USER
2025-12-05T15:54:31.306-05:00  INFO 45508 --- [user-management-service] [http-nio-8083-exec-8] c.s.u.s.impl.InvitationServiceImpl       : 📤 Inviting user test9@correo.com to TENANT 00b93923-4c4f-4a50-b38e-0c24087c10a1 by user 3fa51fa4-e885-4a79-aa3e-7e4336dbebbd (test6@correo.com)
2025-12-05T15:54:31.307-05:00 DEBUG 45508 --- [user-management-service] [http-nio-8083-exec-8] org.hibernate.SQL                        : 
    select
        ie1_0.id 
    from
        invitations ie1_0 
    where
        ie1_0.email=? 
        and ie1_0.resource_id=? 
        and ie1_0.type=? 
        and ie1_0.status=? 
    fetch
        first ? rows only
2025-12-05T15:54:31.317-05:00  INFO 45508 --- [user-management-service] [http-nio-8083-exec-8] c.s.u.s.impl.InvitationServiceImpl       : ✅ Invitation created: 7ffcba47-2b64-4b26-9f7f-3405b14d9c78 with 0 projects
2025-12-05T15:54:31.318-05:00  INFO 45508 --- [user-management-service] [http-nio-8083-exec-8] c.s.u.e.UserManagementEventPublisher     : Publishing user.invited event for: test9@correo.com
2025-12-05T15:54:31.318-05:00 DEBUG 45508 --- [user-management-service] [http-nio-8083-exec-8] o.s.amqp.rabbit.core.RabbitTemplate      : Executing callback RabbitTemplate$$Lambda/0x000074b55ceabcc0 on RabbitMQ Channel: Cached Rabbit Channel: AMQChannel(amqp://guest@127.0.0.1:5672/,3), conn: Proxy@6d61c425 Shared Rabbit Connection: SimpleConnection@f57058f [delegate=amqp://guest@127.0.0.1:5672/, localPort=58542]
2025-12-05T15:54:31.318-05:00 DEBUG 45508 --- [user-management-service] [http-nio-8083-exec-8] o.s.amqp.rabbit.core.RabbitTemplate      : Publishing message [(Body:'[B@537b497a(byte[549])' MessageProperties [headers={__ContentTypeId__=java.lang.Object, __KeyTypeId__=java.lang.Object, __TypeId__=java.util.HashMap}, contentType=application/json, contentEncoding=UTF-8, contentLength=549, deliveryMode=PERSISTENT, priority=0, deliveryTag=0])] on exchange [user-mgmt-exchange], routingKey = [user.invited]
2025-12-05T15:54:31.319-05:00 DEBUG 45508 --- [user-management-service] [http-nio-8083-exec-8] org.hibernate.SQL                        : 
    insert 
    into
        invitations
        (accepted_at, created_at, email, expires_at, invited_by, inviter_email, resource_id, resource_name, role, status, token, type, id) 
    values
        (?, ?, ?, ?, ?, ?, ?, ?, ?, ?, ?, ?, ?)
2025-12-05T15:54:31.345-05:00 DEBUG 45508 --- [user-management-service] [http-nio-8083-exec-2] org.hibernate.SQL                        : 
    select
        tme1_0.id,
        tme1_0.created_at,
        tme1_0.invited_by,
        tme1_0.joined_at,
        tme1_0.role,
        tme1_0.tenant_id,
        tme1_0.updated_at,
        tme1_0.user_id 
    from
        tenant_members tme1_0 
    where
        tme1_0.user_id=?
2025-12-05T15:54:38.864-05:00 DEBUG 45508 --- [user-management-service] [http-nio-8083-exec-10] org.hibernate.SQL                        : 
    select
        pme1_0.id,
        pme1_0.added_by,
        pme1_0.created_at,
        pme1_0.joined_at,
        pme1_0.project_id,
        pme1_0.role,
        pme1_0.tenant_id,
        pme1_0.updated_at,
        pme1_0.user_id 
    from
        project_members pme1_0 
    where
        pme1_0.user_id=?
2025-12-05T15:54:38.869-05:00 DEBUG 45508 --- [user-management-service] [http-nio-8083-exec-4] org.hibernate.SQL                        : 
    select
        tme1_0.id,
        tme1_0.created_at,
        tme1_0.invited_by,
        tme1_0.joined_at,
        tme1_0.role,
        tme1_0.tenant_id,
        tme1_0.updated_at,
        tme1_0.user_id 
    from
        tenant_members tme1_0 
    where
        tme1_0.user_id=?
2025-12-05T15:54:38.871-05:00 DEBUG 45508 --- [user-management-service] [http-nio-8083-exec-6] org.hibernate.SQL                        : 
    select
        pme1_0.id,
        pme1_0.added_by,
        pme1_0.created_at,
        pme1_0.joined_at,
        pme1_0.project_id,
        pme1_0.role,
        pme1_0.tenant_id,
        pme1_0.updated_at,
        pme1_0.user_id 
    from
        project_members pme1_0 
    where
        pme1_0.user_id=?
2025-12-05T15:54:38.892-05:00 DEBUG 45508 --- [user-management-service] [http-nio-8083-exec-5] org.hibernate.SQL                        : 
    select
        tme1_0.id,
        tme1_0.created_at,
        tme1_0.invited_by,
        tme1_0.joined_at,
        tme1_0.role,
        tme1_0.tenant_id,
        tme1_0.updated_at,
        tme1_0.user_id 
    from
        tenant_members tme1_0 
    where
        tme1_0.user_id=?
2025-12-05T15:54:40.235-05:00 DEBUG 45508 --- [user-management-service] [http-nio-8083-exec-7] org.hibernate.SQL                        : 
    select
        tme1_0.id,
        tme1_0.created_at,
        tme1_0.invited_by,
        tme1_0.joined_at,
        tme1_0.role,
        tme1_0.tenant_id,
        tme1_0.updated_at,
        tme1_0.user_id 
    from
        tenant_members tme1_0 
    where
        tme1_0.user_id=?
2025-12-05T15:54:42.211-05:00 DEBUG 45508 --- [user-management-service] [http-nio-8083-exec-9] org.hibernate.SQL                        : 
    select
        tme1_0.id,
        tme1_0.created_at,
        tme1_0.invited_by,
        tme1_0.joined_at,
        tme1_0.role,
        tme1_0.tenant_id,
        tme1_0.updated_at,
        tme1_0.user_id 
    from
        tenant_members tme1_0 
    where
        tme1_0.user_id=?
2025-12-05T15:54:42.443-05:00 DEBUG 45508 --- [user-management-service] [http-nio-8083-exec-8] org.hibernate.SQL                        : 
    select
        tme1_0.id,
        tme1_0.created_at,
        tme1_0.invited_by,
        tme1_0.joined_at,
        tme1_0.role,
        tme1_0.tenant_id,
        tme1_0.updated_at,
        tme1_0.user_id 
    from
        tenant_members tme1_0 
    where
        tme1_0.user_id=?
2025-12-05T15:54:42.771-05:00 DEBUG 45508 --- [user-management-service] [http-nio-8083-exec-2] org.hibernate.SQL                        : 
    select
        tme1_0.id,
        tme1_0.created_at,
        tme1_0.invited_by,
        tme1_0.joined_at,
        tme1_0.role,
        tme1_0.tenant_id,
        tme1_0.updated_at,
        tme1_0.user_id 
    from
        tenant_members tme1_0 
    where
        tme1_0.user_id=?
2025-12-05T15:54:43.082-05:00 DEBUG 45508 --- [user-management-service] [http-nio-8083-exec-3] org.hibernate.SQL                        : 
    select
        tme1_0.id,
        tme1_0.created_at,
        tme1_0.invited_by,
        tme1_0.joined_at,
        tme1_0.role,
        tme1_0.tenant_id,
        tme1_0.updated_at,
        tme1_0.user_id 
    from
        tenant_members tme1_0 
    where
        tme1_0.user_id=?
2025-12-05T15:54:56.406-05:00 DEBUG 45508 --- [user-management-service] [http-nio-8083-exec-1] org.hibernate.SQL                        : 
    select
        tme1_0.id,
        tme1_0.created_at,
        tme1_0.invited_by,
        tme1_0.joined_at,
        tme1_0.role,
        tme1_0.tenant_id,
        tme1_0.updated_at,
        tme1_0.user_id 
    from
        tenant_members tme1_0 
    where
        tme1_0.user_id=?
2025-12-05T15:56:29.373-05:00 DEBUG 45508 --- [user-management-service] [SpringApplicationShutdownHook] o.s.a.r.l.SimpleMessageListenerContainer : Shutting down Rabbit listener container
2025-12-05T15:56:29.375-05:00 DEBUG 45508 --- [user-management-service] [pool-2-thread-8] o.s.a.r.listener.BlockingQueueConsumer   : Received cancelOk for tag amq.ctag-tFEfPFBU7LHh0H2EGh9g9w (user_mgmt.project.created.queue); Consumer@55c5690d: tags=[[amq.ctag-tFEfPFBU7LHh0H2EGh9g9w]], channel=Cached Rabbit Channel: AMQChannel(amqp://guest@127.0.0.1:5672/,1), conn: Proxy@6d61c425 Shared Rabbit Connection: SimpleConnection@f57058f [delegate=amqp://guest@127.0.0.1:5672/, localPort=58542], acknowledgeMode=AUTO local queue size=0
2025-12-05T15:56:29.375-05:00 DEBUG 45508 --- [user-management-service] [SpringApplicationShutdownHook] o.s.a.r.l.SimpleMessageListenerContainer : Shutting down Rabbit listener container
2025-12-05T15:56:29.375-05:00  INFO 45508 --- [user-management-service] [org.springframework.amqp.rabbit.RabbitListenerEndpointContainer#0-2] o.s.a.r.l.SimpleMessageListenerContainer : Waiting for workers to finish.
2025-12-05T15:56:29.376-05:00 DEBUG 45508 --- [user-management-service] [pool-2-thread-9] o.s.a.r.listener.BlockingQueueConsumer   : Received cancelOk for tag amq.ctag-j9lg_kuQNTkR0nBRxUyD-w (user_mgmt.tenant.created.queue); Consumer@4f714688: tags=[[amq.ctag-j9lg_kuQNTkR0nBRxUyD-w]], channel=Cached Rabbit Channel: AMQChannel(amqp://guest@127.0.0.1:5672/,2), conn: Proxy@6d61c425 Shared Rabbit Connection: SimpleConnection@f57058f [delegate=amqp://guest@127.0.0.1:5672/, localPort=58542], acknowledgeMode=AUTO local queue size=0
2025-12-05T15:56:29.376-05:00  INFO 45508 --- [user-management-service] [org.springframework.amqp.rabbit.RabbitListenerEndpointContainer#1-2] o.s.a.r.l.SimpleMessageListenerContainer : Waiting for workers to finish.
2025-12-05T15:56:29.716-05:00  INFO 45508 --- [user-management-service] [org.springframework.amqp.rabbit.RabbitListenerEndpointContainer#0-2] o.s.a.r.l.SimpleMessageListenerContainer : Successfully waited for workers to finish.
2025-12-05T15:56:29.716-05:00 DEBUG 45508 --- [user-management-service] [org.springframework.amqp.rabbit.RabbitListenerEndpointContainer#0-1] o.s.a.r.l.SimpleMessageListenerContainer : Cancelling Consumer@55c5690d: tags=[[amq.ctag-tFEfPFBU7LHh0H2EGh9g9w]], channel=Cached Rabbit Channel: AMQChannel(amqp://guest@127.0.0.1:5672/,1), conn: Proxy@6d61c425 Shared Rabbit Connection: SimpleConnection@f57058f [delegate=amqp://guest@127.0.0.1:5672/, localPort=58542], acknowledgeMode=AUTO local queue size=0
2025-12-05T15:56:29.716-05:00 DEBUG 45508 --- [user-management-service] [org.springframework.amqp.rabbit.RabbitListenerEndpointContainer#0-1] o.s.a.r.listener.BlockingQueueConsumer   : Closing Rabbit Channel: Cached Rabbit Channel: AMQChannel(amqp://guest@127.0.0.1:5672/,1), conn: Proxy@6d61c425 Shared Rabbit Connection: SimpleConnection@f57058f [delegate=amqp://guest@127.0.0.1:5672/, localPort=58542]
2025-12-05T15:56:29.716-05:00 DEBUG 45508 --- [user-management-service] [org.springframework.amqp.rabbit.RabbitListenerEndpointContainer#0-1] o.s.a.r.c.CachingConnectionFactory       : Closing cached Channel: AMQChannel(amqp://guest@127.0.0.1:5672/,1)
2025-12-05T15:56:29.768-05:00  INFO 45508 --- [user-management-service] [org.springframework.amqp.rabbit.RabbitListenerEndpointContainer#1-2] o.s.a.r.l.SimpleMessageListenerContainer : Successfully waited for workers to finish.
2025-12-05T15:56:29.768-05:00 DEBUG 45508 --- [user-management-service] [org.springframework.amqp.rabbit.RabbitListenerEndpointContainer#1-1] o.s.a.r.l.SimpleMessageListenerContainer : Cancelling Consumer@4f714688: tags=[[amq.ctag-j9lg_kuQNTkR0nBRxUyD-w]], channel=Cached Rabbit Channel: AMQChannel(amqp://guest@127.0.0.1:5672/,2), conn: Proxy@6d61c425 Shared Rabbit Connection: SimpleConnection@f57058f [delegate=amqp://guest@127.0.0.1:5672/, localPort=58542], acknowledgeMode=AUTO local queue size=0
2025-12-05T15:56:29.769-05:00 DEBUG 45508 --- [user-management-service] [org.springframework.amqp.rabbit.RabbitListenerEndpointContainer#1-1] o.s.a.r.listener.BlockingQueueConsumer   : Closing Rabbit Channel: Cached Rabbit Channel: AMQChannel(amqp://guest@127.0.0.1:5672/,2), conn: Proxy@6d61c425 Shared Rabbit Connection: SimpleConnection@f57058f [delegate=amqp://guest@127.0.0.1:5672/, localPort=58542]
2025-12-05T15:56:29.769-05:00 DEBUG 45508 --- [user-management-service] [org.springframework.amqp.rabbit.RabbitListenerEndpointContainer#1-1] o.s.a.r.c.CachingConnectionFactory       : Closing cached Channel: AMQChannel(amqp://guest@127.0.0.1:5672/,2)
2025-12-05T15:56:29.769-05:00  INFO 45508 --- [user-management-service] [SpringApplicationShutdownHook] o.s.b.w.e.tomcat.GracefulShutdown        : Commencing graceful shutdown. Waiting for active requests to complete
2025-12-05T15:56:29.770-05:00  INFO 45508 --- [user-management-service] [tomcat-shutdown] o.s.b.w.e.tomcat.GracefulShutdown        : Graceful shutdown complete
2025-12-05T15:56:29.771-05:00 DEBUG 45508 --- [user-management-service] [SpringApplicationShutdownHook] o.s.a.r.c.CachingConnectionFactory       : Closing cached Channel: AMQChannel(amqp://guest@127.0.0.1:5672/,3)
2025-12-05T15:56:29.779-05:00 DEBUG 45508 --- [user-management-service] [SpringApplicationShutdownHook] o.s.a.r.l.SimpleMessageListenerContainer : Shutdown ignored - container is not active already
2025-12-05T15:56:29.780-05:00 DEBUG 45508 --- [user-management-service] [SpringApplicationShutdownHook] o.s.a.r.l.SimpleMessageListenerContainer : Shutdown ignored - container is not active already
2025-12-05T15:56:29.783-05:00  INFO 45508 --- [user-management-service] [SpringApplicationShutdownHook] j.LocalContainerEntityManagerFactoryBean : Closing JPA EntityManagerFactory for persistence unit 'default'
2025-12-05T15:56:29.786-05:00  INFO 45508 --- [user-management-service] [SpringApplicationShutdownHook] com.zaxxer.hikari.HikariDataSource       : HikariPool-1 - Shutdown initiated...
2025-12-05T15:56:29.791-05:00  INFO 45508 --- [user-management-service] [SpringApplicationShutdownHook] com.zaxxer.hikari.HikariDataSource       : HikariPool-1 - Shutdown completed.
